--- NEW SESSION: Sat Sep 26 16:13:35 +05 2026 ---
[init] starting Elixir backend...
Compiling 93 files (.ex)
Generated magnet_sorter app
[init] starting Python GUI...
Runtime Elixir: "1.19.5"
[info] === [Backend] Crawling: disabled, PF protocol: disabled, Yggdrasil: enabled ===
[info] === [PeerManager] DB loaded in 25ms: 0 infohashes, 0 peers ===
[info] Config /home/dok1o/Code/ms_v68/data/ygg/ygg.json created with defaults
[info] Log file: /home/dok1o/Code/ms_v68/data/logs/ygg.log
[info] Key created: 3f82887fba34d33d1511dc23e0ba25d4e6383dd184a5a4b67d25cc74874759b4
[info] Address 202:3eb:bc02:2e59:6617:5771:1ee0:fa2e, subnet 302:3eb:bc02:2e59::/64
[info] Key recorded in /home/dok1o/Code/ms_v68/data/ygg/keys_collected.txt
[info] Address file /home/dok1o/Code/ms_v68/data/ygg/ygg_address.txt: 202:3eb:bc02:2e59:6617:5771:1ee0:fa2e 0 3f82887fba34d33d1511dc23e0ba25d4e6383dd184a5a4b67d25cc74874759b4
[info] [Guard] System memory available at init: 1.93 GB, program auto-restart interval: each 720 hours
[info] Connected outbound: 221:c99a:91a1:cd2c:3164:27d7:9675:bf7d@62.210.85.80:39565, source 172.27.72.173:46924
[info] Connected outbound: 225:7634:2b02:5ab:feb4:7404:bef7:5bec@146.103.111.53:65535, source 172.27.72.173:51976
[info] Connected outbound: 223:a490:c90a:c54a:b4e4:d5c:d9d6:b577@212.34.131.160:65535, source 172.27.72.173:50706
[info] Connected outbound: 225:124e:2a74:9966:d18d:2f19:adbf:a950@109.107.177.127:65535, source 172.27.72.173:33040
[info] Connected outbound: 200:ea1e:b8f8:fd1c:cc8e:3ead:9c2b:6d5f@5.252.118.13:65535, source 172.27.72.173:34722
[debug] Dialling tls://yggpeer.tilde.green:59454 reported error: {:shutdown, :enetunreach}
[debug] Dialling tls://ygg1.mk16.de:1338 reported error: {:shutdown, :enetunreach}
[debug] Native router: link up 8af0a383 prio 0
[debug] Native router: link up 00000000 prio 0
[debug] Native router: link up 00000000 prio 0
[debug] Native router: link up 00000000 prio 0
[debug] Native router: link up 00000000 prio 0
[debug] Dialling tcp://ygg6.mk16.de:1337 reported error: {:shutdown, :enetunreach}
[debug] Dialling tcp://bode.theender.net:42069 reported error: {:shutdown, :enetunreach}
[info] GUI Start
[debug] Dialling tls://ygg7.mk16.de:1338 reported error: {:shutdown, :enetunreach}
[debug] Dialling tls://ygg.ace.ctrl-c.liu.se:9999 reported error: {:shutdown, :enetunreach}
[info] Connected outbound: 218:71e5:78e4:8989:b71:db7f:7bf1:f1e1@94.130.176.250:62486, source 172.27.72.173:34368
[debug] Native router: link up 000000c7 prio 0
[info] Connected outbound: 200:dc8:dec1:78fa:c0e9:bf19:a988:60fe@51.89.65.73:42069, source 172.27.72.173:40128
[debug] Native router: link up f91b909f prio 8
[debug] [DHT] Bootstrap: tried 1308 generated IPv4 addresses
[info] Connected outbound: 220:f022:cd6c:22a9:5285:79e2:2e19:b66a@5.252.226.123:1338, source 172.27.72.173:53202
[debug] Native router: link up 00000000 prio 0
[info] Connected outbound: 202:afe3:a019:bf68:83e8:78da:b649:99fc@37.186.113.100:1515, source 172.27.72.173:58466
[debug] Native router: link up 2a038bfc prio 0
[info] Connected outbound: 21c:f3b0:e941:88bc:2938:a694:9012:37f2@185.175.59.174:1338, source 172.27.72.173:54546
[info] Connected outbound: 21e:aabf:6a83:d711:db93:8d3d:6131:ba4@54.38.176.219:59454, source 172.27.72.173:55558
[debug] Native router: link up 00000008 prio 0
[info] Connected outbound: 201:4132:fdf6:7db:5e49:5da9:4ec5:af35@109.176.250.101:65534, source 172.27.72.173:34838
[debug] Native router: link up 00000002 prio 0
[debug] Native router: link up 6fb34082 prio 0
[info] [Guard] MEM: RSS: 132.1 MB, BEAM: 63.1 MB, OS: 3.72 GB (48.4% used)
[debug] [DHT] Bootstrap: tried 2725 generated IPv4 addresses
[debug] Dialling tcp://ygg6.mk16.de:1337 reported error: {:shutdown, :enetunreach}
[debug] [DHT] Bootstrap: tried 4142 generated IPv4 addresses
[debug] [DHT] Bootstrap: tried 5559 generated IPv4 addresses
[debug] [DHT] Bootstrap: tried 7085 generated IPv4 addresses
[debug] Dialling tcp://89.44.86.85:65535 reported error: {:shutdown, :timeout}
[debug] Dialling tls://ygg.ace.ctrl-c.liu.se:9999 reported error: {:shutdown, :timeout}
[debug] [DHT] Bootstrap: tried 8502 generated IPv4 addresses
[debug] Dialling tcp://ygg6.mk16.de:1337 reported error: {:shutdown, :enetunreach}
[debug] [DHT] Bootstrap: tried 9919 generated IPv4 addresses
[debug] Dialling tls://ygg.ace.ctrl-c.liu.se:9999 reported error: {:shutdown, :enetunreach}
[debug] [DHT] Bootstrap: tried 11336 generated IPv4 addresses
[debug] [DHT] Bootstrap: tried 12753 generated IPv4 addresses
[info] [PeerManager] ver_cb: 0, unv_cb: 0, peer_info: 0, failed: 0
[debug] [DHT] Bootstrap: tried 14170 generated IPv4 addresses
[info] [Mainline DHT] fn: 0, gp_workers: 0, gp_network: 0, samples: 7, TOTAL: 7 /s
[debug] [DHT] Bootstrap: tried 15696 generated IPv4 addresses
[debug] [DHT] Bootstrap: tried 17113 generated IPv4 addresses
[debug] Dialling tcp://89.44.86.85:65535 reported error: {:shutdown, :timeout}
[debug] Dialling tls://ygg.ace.ctrl-c.liu.se:9999 reported error: {:shutdown, :timeout}
[debug] [DHT] Bootstrap: tried 18530 generated IPv4 addresses
[info] [IH Collector] prep: 0, sorted: 0, ann: 0
[debug] [DHT] Bootstrap: tried 19947 generated IPv4 addresses
[debug] [DHT] Bootstrap: tried 21364 generated IPv4 addresses
[debug] Dialling tcp://ygg6.mk16.de:1337 reported error: {:shutdown, :enetunreach}
[debug] [DHT] Bootstrap: tried 22781 generated IPv4 addresses
[debug] [DHT] Bootstrap: tried 24307 generated IPv4 addresses
[debug] Dialling tls://ygg.ace.ctrl-c.liu.se:9999 reported error: {:shutdown, :enetunreach}
[debug] [DHT] Bootstrap: tried 25724 generated IPv4 addresses
[debug] [DHT] Bootstrap: tried 27141 generated IPv4 addresses
[info] [PeerManager] ver_cb: 0, unv_cb: 0, peer_info: 0, failed: 0
[debug] [DHT] Bootstrap: tried 28558 generated IPv4 addresses
[info] [Mainline DHT] fn: 0, gp_workers: 0, gp_network: 0, samples: 30, TOTAL: 30 /s
[debug] [DHT] Bootstrap: tried 29975 generated IPv4 addresses
[info] [Guard] MEM: RSS: 118.5 MB, BEAM: 65.3 MB, OS: 3.72 GB (48.5% used)
[debug] Dialling tcp://89.44.86.85:65535 reported error: {:shutdown, :timeout}
[debug] [DHT] Bootstrap: tried 31392 generated IPv4 addresses
[debug] Dialling tls://ygg.ace.ctrl-c.liu.se:9999 reported error: {:shutdown, :timeout}
[debug] [DHT] Bootstrap: tried 32918 generated IPv4 addresses
[debug] [DHT] Bootstrap: tried 34335 generated IPv4 addresses
[debug] [DHT] Bootstrap: tried 35752 generated IPv4 addresses
[debug] [DHT] Bootstrap: tried 37169 generated IPv4 addresses
[info] [IH Collector] prep: 0, sorted: 0, ann: 0
[debug] [DHT] Bootstrap: tried 38586 generated IPv4 addresses
[debug] [DHT] Bootstrap: tried 40003 generated IPv4 addresses
[debug] [DHT] Bootstrap: tried 41529 generated IPv4 addresses
[info] [PeerManager] ver_cb: 0, unv_cb: 0, peer_info: 0, failed: 0
[debug] [DHT] Bootstrap: tried 42946 generated IPv4 addresses
[info] [Mainline DHT] fn: 0, gp_workers: 0, gp_network: 0, samples: 30, TOTAL: 30 /s
[debug] Dialling tls://ygg.ace.ctrl-c.liu.se:9999 reported error: {:shutdown, :enetunreach}
[debug] [DHT] Bootstrap: tried 44363 generated IPv4 addresses
[debug] Dialling tcp://ygg6.mk16.de:1337 reported error: {:shutdown, :enetunreach}
[debug] [DHT] Bootstrap: tried 45780 generated IPv4 addresses
[debug] [DHT] Bootstrap: tried 47197 generated IPv4 addresses
[debug] [DHT] Bootstrap: tried 48614 generated IPv4 addresses
[debug] Dialling tcp://89.44.86.85:65535 reported error: {:shutdown, :timeout}
[debug] [DHT] Bootstrap: tried 50031 generated IPv4 addresses
[debug] Dialling tls://ygg.ace.ctrl-c.liu.se:9999 reported error: {:shutdown, :timeout}
[debug] [DHT] Bootstrap: tried 51557 generated IPv4 addresses
[debug] [DHT] Bootstrap: tried 52974 generated IPv4 addresses
[debug] [DHT] Bootstrap: tried 54391 generated IPv4 addresses
[debug] [DHT] Bootstrap: tried 55808 generated IPv4 addresses
[info] [PeerManager] ver_cb: 0, unv_cb: 0, peer_info: 0, failed: 0
[info] [IH Collector] prep: 0, sorted: 0, ann: 0
[debug] [DHT] Bootstrap: tried 57225 generated IPv4 addresses
[info] [Mainline DHT] fn: 0, gp_workers: 0, gp_network: 0, samples: 29, TOTAL: 29 /s
[debug] [DHT] Bootstrap: tried 58642 generated IPv4 addresses
[info] [Guard] MEM: RSS: 119.8 MB, BEAM: 66.4 MB, OS: 3.72 GB (48.5% used)
[debug] [DHT] Bootstrap: tried 60059 generated IPv4 addresses
[debug] [DHT] Bootstrap: tried 61585 generated IPv4 addresses
[debug] [DHT] Bootstrap: tried 63002 generated IPv4 addresses
[debug] [DHT] Bootstrap: tried 64419 generated IPv4 addresses
[debug] [DHT] Bootstrap: tried 65836 generated IPv4 addresses
[debug] [DHT] Bootstrap: tried 67253 generated IPv4 addresses
[debug] [DHT] Bootstrap: tried 68670 generated IPv4 addresses
[debug] [DHT] Bootstrap: tried 70087 generated IPv4 addresses
[info] [PeerManager] ver_cb: 0, unv_cb: 0, peer_info: 0, failed: 0
[debug] [DHT] Bootstrap: tried 71613 generated IPv4 addresses
[info] [Mainline DHT] fn: 0, gp_workers: 0, gp_network: 0, samples: 30, TOTAL: 30 /s
[debug] [DHT] Bootstrap: tried 73030 generated IPv4 addresses
[debug] Dialling tls://ygg.ace.ctrl-c.liu.se:9999 reported error: {:shutdown, :enetunreach}
[debug] [DHT] Bootstrap: tried 74447 generated IPv4 addresses
[debug] [DHT] Bootstrap: tried 75864 generated IPv4 addresses
[info] [IH Collector] prep: 0, sorted: 0, ann: 0
[debug] [DHT] Bootstrap: tried 77281 generated IPv4 addresses
[debug] [DHT] Bootstrap: tried 78807 generated IPv4 addresses
[debug] Dialling tcp://89.44.86.85:65535 reported error: {:shutdown, :timeout}
[debug] [DHT] Bootstrap: tried 80224 generated IPv4 addresses
[debug] Dialling tls://ygg.ace.ctrl-c.liu.se:9999 reported error: {:shutdown, :timeout}
[debug] [DHT] Bootstrap: tried 81641 generated IPv4 addresses
[debug] [DHT] Bootstrap: tried 83058 generated IPv4 addresses
[debug] [DHT] Bootstrap: tried 84475 generated IPv4 addresses
[info] [PeerManager] ver_cb: 0, unv_cb: 0, peer_info: 0, failed: 0
[debug] [DHT] Bootstrap: tried 85892 generated IPv4 addresses
[info] routing 3f82887f: root=00000000 depth=2 parent=00000000 peers=12 [00000000:p1/c185/114.3ms 00000000:p2/c186/117.7ms 00000000:p3/c191/111.8ms 00000000:p4/c181/113.1ms 8af0a383:p5/c208/118.1ms 000000c7:p6/c188/113.2ms f91b909f:p7/c189/113.5ms 00000000:p8/c172/84.9ms 2a038bfc:p9/c167/87.4ms 00000008:p10/c198/113.6ms 00000002:p11/c235/118.8ms 6fb34082:p12/c236/120.8ms] tree=20 paths=0 blooms=12 sessions=0 entries=20
[info] 
node 3f82887f 202:3eb:bc02:2e59:6617:5771:1ee0:fa2e: 12/16 links up
URI                                           DIR  KEY       ADDRESS                                 STATE  UPTIME  RTT    RX         TX         PARENT/SEQ       ERROR
tcp://109.107.177.127:65535                   out  00000000  225:124e:2a74:9966:d18d:2f19:adbf:a950  up     59s     113ms  1.2K 0B/s  652B 0B/s  00000000/207544
tcp://146.103.111.53:65535                    out  00000000  225:7634:2b02:5ab:feb4:7404:bef7:5bec   up     59s     117ms  1.4K 0B/s  768B 0B/s  00000000/207544
tcp://212.34.131.160:65535                    out  00000000  223:a490:c90a:c54a:b4e4:d5c:d9d6:b577   up     59s     114ms  1.4K 0B/s  1.2K 0B/s  00000000/207544
tcp://5.252.118.13:65535                      out  8af0a383  200:ea1e:b8f8:fd1c:cc8e:3ead:9c2b:6d5f  up     59s     118ms  1.4K 0B/s  978B 0B/s  00000000/207544
tcp://62.210.85.80:39565                      out  00000000  221:c99a:91a1:cd2c:3164:27d7:9675:bf7d  up     59s     111ms  1.5K 0B/s  895B 0B/s  00000000/207544
tcp://bode.theender.net:42069                 out  f91b909f  200:dc8:dec1:78fa:c0e9:bf19:a988:60fe   up     59s     113ms  1.6K 0B/s  974B 0B/s  00000000/207544
tcp://yggdrasil.su:62486                      out  000000c7  218:71e5:78e4:8989:b71:db7f:7bf1:f1e1   up     59s     113ms  1.3K 0B/s  894B 0B/s  00000000/207544
tls://109.176.250.101:65534                   out  6fb34082  201:4132:fdf6:7db:5e49:5da9:4ec5:af35   up     59s     120ms  1.5K 0B/s  895B 0B/s  00000000/207544
tls://37.186.113.100:1515                     out  2a038bfc  202:afe3:a019:bf68:83e8:78da:b649:99fc  up     59s     87ms   1.1K 0B/s  893B 0B/s  00000000/207544
tls://ygg1.mk16.de:1338?key=0000000087ee9949  out  00000000  220:f022:cd6c:22a9:5285:79e2:2e19:b66a  up     59s     84ms   1.3K 0B/s  896B 0B/s  00000000/207544
tls://ygg7.mk16.de:1338?key=000000086278b5f3  out  00000008  21c:f3b0:e941:88bc:2938:a694:9012:37f2  up     59s     113ms  1.5K 0B/s  1.1K 0B/s  00000000/207544
tls://yggpeer.tilde.green:59454               out  00000002  21e:aabf:6a83:d711:db93:8d3d:6131:ba4   up     59s     118ms  1.6K 0B/s  978B 0B/s  00000000/207544
tcp://89.44.86.85:65535                       out  -         -                                       down   -       -      0B 0B/s    0B 0B/s    -                :timeout 4s ago
tcp://thatmaidguy.fvds.ru:7991                out  -         -                                       down   -       -      0B 0B/s    0B 0B/s    -                :no_suitable_ips 28s ago
tcp://ygg6.mk16.de:1337?key=0000005e5ced06fd  out  -         -                                       down   -       -      0B 0B/s    0B 0B/s    -                :enetunreach 28s ago
tls://ygg.ace.ctrl-c.liu.se:9999?key=5636b3a  out  -         -                                       down   -       -      0B 0B/s    0B 0B/s    -                :timeout 3s ago
[info] [Mainline DHT] fn: 0, gp_workers: 0, gp_network: 0, samples: 30, TOTAL: 30 /s
[debug] [DHT] Bootstrap: tried 87418 generated IPv4 addresses
[info] [Guard] MEM: RSS: 120.7 MB, BEAM: 66.1 MB, OS: 3.72 GB (48.3% used)
[debug] [DHT] Bootstrap: tried 88726 generated IPv4 addresses
[debug] [DHT] Bootstrap: tried 90143 generated IPv4 addresses
[debug] Dialling tcp://ygg6.mk16.de:1337 reported error: {:shutdown, :enetunreach}
[debug] [DHT] Bootstrap: tried 91560 generated IPv4 addresses
[debug] [DHT] Bootstrap: tried 92977 generated IPv4 addresses
[debug] [DHT] Bootstrap: tried 94503 generated IPv4 addresses
[info] [IH Collector] prep: 0, sorted: 0, ann: 0
[debug] [DHT] Bootstrap: tried 95920 generated IPv4 addresses
[debug] [DHT] Bootstrap: tried 97337 generated IPv4 addresses
[debug] [DHT] Bootstrap: tried 98754 generated IPv4 addresses
[info] [PeerManager] ver_cb: 0, unv_cb: 0, peer_info: 0, failed: 0
[debug] [DHT] Bootstrap: tried 100171 generated IPv4 addresses
[info] [Mainline DHT] fn: 0, gp_workers: 0, gp_network: 0, samples: 29, TOTAL: 29 /s
[debug] [DHT] Bootstrap: tried 101588 generated IPv4 addresses
[debug] [DHT] Bootstrap: tried 103114 generated IPv4 addresses
[debug] [DHT] Bootstrap: tried 104531 generated IPv4 addresses
[debug] [DHT] Bootstrap: tried 105948 generated IPv4 addresses
[debug] [DHT] Bootstrap: tried 107365 generated IPv4 addresses
[debug] [DHT] Bootstrap: tried 108782 generated IPv4 addresses
[debug] [DHT] Bootstrap: tried 110199 generated IPv4 addresses
[debug] [DHT] Bootstrap: tried 111725 generated IPv4 addresses
[debug] [DHT] Bootstrap: tried 113142 generated IPv4 addresses
[info] [IH Collector] prep: 0, sorted: 0, ann: 0
[info] [PeerManager] ver_cb: 0, unv_cb: 0, peer_info: 0, failed: 0
[debug] [DHT] Bootstrap: tried 114559 generated IPv4 addresses
[info] [Mainline DHT] fn: 0, gp_workers: 0, gp_network: 0, samples: 30, TOTAL: 30 /s
[debug] [DHT] Bootstrap: tried 115976 generated IPv4 addresses
[info] [Guard] MEM: RSS: 121.4 MB, BEAM: 66.7 MB, OS: 3.72 GB (47.6% used)
[debug] [DHT] Bootstrap: tried 117393 generated IPv4 addresses
[debug] [DHT] Bootstrap: tried 118810 generated IPv4 addresses
[debug] [DHT] Bootstrap: tried 120336 generated IPv4 addresses
[debug] [DHT] Bootstrap: tried 121753 generated IPv4 addresses
[debug] [DHT] Bootstrap: tried 123170 generated IPv4 addresses
[debug] [DHT] Bootstrap: tried 124587 generated IPv4 addresses
[debug] [DHT] Bootstrap: tried 126004 generated IPv4 addresses
[debug] Dialling tls://ygg.ace.ctrl-c.liu.se:9999 reported error: {:shutdown, :enetunreach}
[debug] [DHT] Bootstrap: tried 127421 generated IPv4 addresses
[info] [PeerManager] ver_cb: 0, unv_cb: 0, peer_info: 0, failed: 0
[debug] [DHT] Bootstrap: tried 128947 generated IPv4 addresses
[info] [Mainline DHT] fn: 0, gp_workers: 0, gp_network: 0, samples: 30, TOTAL: 30 /s
[debug] [DHT] Bootstrap: tried 130364 generated IPv4 addresses
[debug] [DHT] Bootstrap: tried 131781 generated IPv4 addresses
[debug] Dialling tcp://89.44.86.85:65535 reported error: {:shutdown, :timeout}
[info] [IH Collector] prep: 0, sorted: 0, ann: 0
[debug] [DHT] Bootstrap: tried 133198 generated IPv4 addresses
[debug] Dialling tls://ygg.ace.ctrl-c.liu.se:9999 reported error: {:shutdown, :timeout}
[debug] [DHT] Bootstrap: tried 134615 generated IPv4 addresses
[debug] [DHT] Bootstrap: tried 136032 generated IPv4 addresses
[debug] [DHT] Bootstrap: tried 137558 generated IPv4 addresses
[debug] [DHT] Bootstrap: tried 138975 generated IPv4 addresses
[debug] [DHT] Bootstrap: tried 140392 generated IPv4 addresses
[debug] [DHT] Bootstrap: tried 141809 generated IPv4 addresses
[info] [PeerManager] ver_cb: 0, unv_cb: 0, peer_info: 0, failed: 0
[debug] [DHT] Bootstrap: tried 143226 generated IPv4 addresses
[info] [Mainline DHT] fn: 0, gp_workers: 0, gp_network: 0, samples: 30, TOTAL: 30 /s
[debug] [DHT] Bootstrap: tried 144643 generated IPv4 addresses
[info] [Guard] MEM: RSS: 121.8 MB, BEAM: 67.3 MB, OS: 3.72 GB (47.5% used)
[debug] [DHT] Bootstrap: tried 146169 generated IPv4 addresses
[debug] [DHT] Bootstrap: tried 147586 generated IPv4 addresses
[debug] [DHT] Bootstrap: tried 149003 generated IPv4 addresses
[debug] [DHT] Bootstrap: tried 150420 generated IPv4 addresses
[debug] [DHT] Bootstrap: tried 151837 generated IPv4 addresses
[info] [IH Collector] prep: 0, sorted: 0, ann: 0
[debug] [DHT] Bootstrap: tried 153254 generated IPv4 addresses
[debug] [DHT] Bootstrap: tried 154780 generated IPv4 addresses
[debug] [DHT] Bootstrap: tried 156197 generated IPv4 addresses
[info] [PeerManager] ver_cb: 0, unv_cb: 0, peer_info: 0, failed: 0
[debug] [DHT] Bootstrap: tried 157614 generated IPv4 addresses
[info] [Mainline DHT] fn: 0, gp_workers: 0, gp_network: 0, samples: 29, TOTAL: 29 /s
[debug] [DHT] Bootstrap: tried 159031 generated IPv4 addresses
[debug] [DHT] Bootstrap: tried 160448 generated IPv4 addresses
[debug] [DHT] Bootstrap: tried 161865 generated IPv4 addresses
[debug] [DHT] Bootstrap: tried 163064 generated IPv4 addresses
[debug] [DHT] Bootstrap: tried 164481 generated IPv4 addresses
[debug] [DHT] Bootstrap: tried 165898 generated IPv4 addresses
[debug] [DHT] Bootstrap: tried 167424 generated IPv4 addresses
[debug] [DHT] Bootstrap: tried 168841 generated IPv4 addresses
[debug] [DHT] Bootstrap: tried 170258 generated IPv4 addresses
[info] [IH Collector] prep: 0, sorted: 0, ann: 0
[info] [PeerManager] ver_cb: 0, unv_cb: 0, peer_info: 0, failed: 0
[debug] [DHT] Bootstrap: tried 171675 generated IPv4 addresses
[info] routing 3f82887f: root=00000000 depth=2 parent=00000000 peers=12 [00000000:p1/c185/114.3ms 00000000:p2/c186/117.7ms 00000000:p3/c191/111.8ms 00000000:p4/c181/113.1ms 8af0a383:p5/c208/118.1ms 000000c7:p6/c188/113.2ms f91b909f:p7/c189/113.5ms 00000000:p8/c172/84.9ms 2a038bfc:p9/c167/87.4ms 00000008:p10/c198/113.6ms 00000002:p11/c235/118.8ms 6fb34082:p12/c236/120.8ms] tree=20 paths=0 blooms=12 sessions=0 entries=20
[info] 
node 3f82887f 202:3eb:bc02:2e59:6617:5771:1ee0:fa2e: 12/16 links up
URI                                           DIR  KEY       ADDRESS                                 STATE  UPTIME  RTT    RX         TX         PARENT/SEQ       ERROR
tcp://109.107.177.127:65535                   out  00000000  225:124e:2a74:9966:d18d:2f19:adbf:a950  up     1m59s   113ms  1.2K 0B/s  652B 0B/s  00000000/207544
tcp://146.103.111.53:65535                    out  00000000  225:7634:2b02:5ab:feb4:7404:bef7:5bec   up     1m59s   117ms  1.4K 0B/s  768B 0B/s  00000000/207544
tcp://212.34.131.160:65535                    out  00000000  223:a490:c90a:c54a:b4e4:d5c:d9d6:b577   up     1m59s   114ms  1.4K 0B/s  1.2K 0B/s  00000000/207544
tcp://5.252.118.13:65535                      out  8af0a383  200:ea1e:b8f8:fd1c:cc8e:3ead:9c2b:6d5f  up     1m59s   118ms  1.4K 0B/s  978B 0B/s  00000000/207544
tcp://62.210.85.80:39565                      out  00000000  221:c99a:91a1:cd2c:3164:27d7:9675:bf7d  up     1m59s   111ms  1.5K 0B/s  895B 0B/s  00000000/207544
tcp://bode.theender.net:42069                 out  f91b909f  200:dc8:dec1:78fa:c0e9:bf19:a988:60fe   up     1m59s   113ms  1.6K 0B/s  974B 0B/s  00000000/207544
tcp://yggdrasil.su:62486                      out  000000c7  218:71e5:78e4:8989:b71:db7f:7bf1:f1e1   up     1m59s   113ms  1.6K 0B/s  976B 0B/s  00000000/381721
tls://109.176.250.101:65534                   out  6fb34082  201:4132:fdf6:7db:5e49:5da9:4ec5:af35   up     1m59s   120ms  1.8K 0B/s  976B 0B/s  2aa01f58/315466
tls://37.186.113.100:1515                     out  2a038bfc  202:afe3:a019:bf68:83e8:78da:b649:99fc  up     1m59s   87ms   1.6K 0B/s  976B 0B/s  00000000/205202
tls://ygg1.mk16.de:1338?key=0000000087ee9949  out  00000000  220:f022:cd6c:22a9:5285:79e2:2e19:b66a  up     1m59s   84ms   1.6K 0B/s  977B 0B/s  00000000/387281
tls://ygg7.mk16.de:1338?key=000000086278b5f3  out  00000008  21c:f3b0:e941:88bc:2938:a694:9012:37f2  up     1m59s   113ms  1.8K 0B/s  1.2K 0B/s  2aa01f58/99774
tls://yggpeer.tilde.green:59454               out  00000002  21e:aabf:6a83:d711:db93:8d3d:6131:ba4   up     1m59s   118ms  1.6K 0B/s  978B 0B/s  00000000/207544
tcp://89.44.86.85:65535                       out  -         -                                       down   -       -      0B 0B/s    0B 0B/s    -                :timeout 27s ago
tcp://thatmaidguy.fvds.ru:7991                out  -         -                                       down   -       -      0B 0B/s    0B 0B/s    -                :no_suitable_ips 56s ago
tcp://ygg6.mk16.de:1337?key=0000005e5ced06fd  out  -         -                                       down   -       -      0B 0B/s    0B 0B/s    -                :enetunreach 56s ago
tls://ygg.ace.ctrl-c.liu.se:9999?key=5636b3a  out  -         -                                       down   -       -      0B 0B/s    0B 0B/s    -                :timeout 26s ago
[info] [Mainline DHT] fn: 0, gp_workers: 0, gp_network: 0, samples: 30, TOTAL: 30 /s
[debug] [DHT] Bootstrap: tried 173092 generated IPv4 addresses
[info] [Guard] MEM: RSS: 122.1 MB, BEAM: 67.6 MB, OS: 3.72 GB (47.7% used)
[debug] [DHT] Bootstrap: tried 174509 generated IPv4 addresses
[debug] [DHT] Bootstrap: tried 175926 generated IPv4 addresses
[debug] [DHT] Bootstrap: tried 177452 generated IPv4 addresses
[debug] [DHT] Bootstrap: tried 178869 generated IPv4 addresses
[debug] [DHT] Bootstrap: tried 180286 generated IPv4 addresses
[debug] [DHT] Bootstrap: tried 181703 generated IPv4 addresses
[debug] Dialling tcp://ygg6.mk16.de:1337 reported error: {:shutdown, :enetunreach}
[debug] [DHT] Bootstrap: tried 183120 generated IPv4 addresses
[debug] [DHT] Bootstrap: tried 184537 generated IPv4 addresses
[info] [PeerManager] ver_cb: 0, unv_cb: 0, peer_info: 0, failed: 0
[debug] [DHT] Bootstrap: tried 186063 generated IPv4 addresses
[info] [Mainline DHT] fn: 0, gp_workers: 0, gp_network: 0, samples: 29, TOTAL: 29 /s
[debug] [DHT] Bootstrap: tried 187480 generated IPv4 addresses
[debug] [DHT] Bootstrap: tried 188897 generated IPv4 addresses
[info] [IH Collector] prep: 0, sorted: 0, ann: 0
[debug] [DHT] Bootstrap: tried 190314 generated IPv4 addresses
[debug] [DHT] Bootstrap: tried 191731 generated IPv4 addresses
[debug] [DHT] Bootstrap: tried 193148 generated IPv4 addresses
[debug] [DHT] Bootstrap: tried 194674 generated IPv4 addresses
[debug] [DHT] Bootstrap: tried 196091 generated IPv4 addresses
[debug] [DHT] Bootstrap: tried 197508 generated IPv4 addresses
[debug] [DHT] Bootstrap: tried 198925 generated IPv4 addresses
[info] [PeerManager] ver_cb: 0, unv_cb: 0, peer_info: 0, failed: 0
[debug] [DHT] Bootstrap: tried 200342 generated IPv4 addresses
[info] [Mainline DHT] fn: 0, gp_workers: 0, gp_network: 0, samples: 30, TOTAL: 30 /s
[debug] [DHT] Bootstrap: tried 201759 generated IPv4 addresses
[info] [Guard] MEM: RSS: 122.3 MB, BEAM: 67.8 MB, OS: 3.72 GB (47.4% used)
[debug] [DHT] Bootstrap: tried 203285 generated IPv4 addresses
[debug] [DHT] Bootstrap: tried 204702 generated IPv4 addresses
[debug] [DHT] Bootstrap: tried 206119 generated IPv4 addresses
[debug] [DHT] Bootstrap: tried 207536 generated IPv4 addresses
[info] [IH Collector] prep: 0, sorted: 0, ann: 0
[debug] [DHT] Bootstrap: tried 208953 generated IPv4 addresses
[debug] [DHT] Bootstrap: tried 210370 generated IPv4 addresses
[debug] [DHT] Bootstrap: tried 211896 generated IPv4 addresses
[debug] [DHT] Bootstrap: tried 213313 generated IPv4 addresses
[info] [PeerManager] ver_cb: 0, unv_cb: 0, peer_info: 0, failed: 0
[debug] [DHT] Bootstrap: tried 214730 generated IPv4 addresses
[info] [Mainline DHT] fn: 0, gp_workers: 0, gp_network: 0, samples: 30, TOTAL: 30 /s
[debug] [DHT] Bootstrap: tried 216147 generated IPv4 addresses
[debug] [DHT] Bootstrap: tried 217564 generated IPv4 addresses
[debug] [DHT] Bootstrap: tried 218981 generated IPv4 addresses
[debug] [DHT] Bootstrap: tried 220507 generated IPv4 addresses
[debug] [DHT] Bootstrap: tried 221924 generated IPv4 addresses
[debug] [DHT] Bootstrap: tried 223341 generated IPv4 addresses
[debug] [DHT] Bootstrap: tried 224758 generated IPv4 addresses
[debug] Dialling tls://ygg.ace.ctrl-c.liu.se:9999 reported error: {:shutdown, :enetunreach}
[debug] [DHT] Bootstrap: tried 226175 generated IPv4 addresses
[debug] [DHT] Bootstrap: tried 227592 generated IPv4 addresses
[info] [IH Collector] prep: 0, sorted: 0, ann: 0
[info] [PeerManager] ver_cb: 0, unv_cb: 0, peer_info: 0, failed: 0
[debug] [DHT] Bootstrap: tried 229118 generated IPv4 addresses
[info] [Mainline DHT] fn: 0, gp_workers: 0, gp_network: 0, samples: 29, TOTAL: 29 /s
[debug] [DHT] Bootstrap: tried 230535 generated IPv4 addresses
[info] [Guard] MEM: RSS: 122.5 MB, BEAM: 68.0 MB, OS: 3.72 GB (47.3% used)
[debug] Dialling tcp://89.44.86.85:65535 reported error: {:shutdown, :timeout}
[debug] [DHT] Bootstrap: tried 231952 generated IPv4 addresses
[debug] Dialling tls://ygg.ace.ctrl-c.liu.se:9999 reported error: {:shutdown, :timeout}
[debug] [DHT] Bootstrap: tried 233369 generated IPv4 addresses
[debug] [DHT] Bootstrap: tried 234786 generated IPv4 addresses
[debug] [DHT] Bootstrap: tried 236203 generated IPv4 addresses
[debug] [DHT] Bootstrap: tried 237729 generated IPv4 addresses
[debug] [DHT] Bootstrap: tried 239146 generated IPv4 addresses
[debug] [DHT] Bootstrap: tried 240563 generated IPv4 addresses
[debug] [DHT] Bootstrap: tried 241980 generated IPv4 addresses
[info] [PeerManager] ver_cb: 0, unv_cb: 0, peer_info: 0, failed: 0
[debug] [DHT] Bootstrap: tried 243397 generated IPv4 addresses
[info] [Mainline DHT] fn: 0, gp_workers: 0, gp_network: 0, samples: 30, TOTAL: 30 /s
[debug] [DHT] Bootstrap: tried 244814 generated IPv4 addresses
[debug] [DHT] Bootstrap: tried 246340 generated IPv4 addresses
[info] [IH Collector] prep: 0, sorted: 0, ann: 0
[debug] [DHT] Bootstrap: tried 247757 generated IPv4 addresses
[debug] [DHT] Bootstrap: tried 249174 generated IPv4 addresses
[debug] [DHT] Bootstrap: tried 250591 generated IPv4 addresses
[debug] [DHT] Bootstrap: tried 252008 generated IPv4 addresses
[debug] [DHT] Bootstrap: tried 253425 generated IPv4 addresses
[debug] Native router: path notify for 189669c9
[debug] [DHT] Bootstrap: tried 254842 generated IPv4 addresses
[debug] IPv6 packet from 189669c9 not answered: {:icmpv6, 129, 0}
[debug] [DHT] Bootstrap: tried 256368 generated IPv4 addresses
[debug] IPv6 packet from 189669c9 not answered: {:icmpv6, 129, 0}
[info] [PeerManager] ver_cb: 0, unv_cb: 0, peer_info: 0, failed: 0
[debug] [DHT] Bootstrap: tried 257785 generated IPv4 addresses
[info] routing 3f82887f: root=00000000 depth=2 parent=00000000 peers=12 [00000000:p1/c185/114.3ms 00000000:p2/c186/117.7ms 00000000:p3/c191/111.8ms 00000000:p4/c181/113.1ms 8af0a383:p5/c208/118.1ms 000000c7:p6/c188/113.2ms f91b909f:p7/c189/113.5ms 00000000:p8/c172/84.9ms 2a038bfc:p9/c167/87.4ms 00000008:p10/c198/113.6ms 00000002:p11/c235/118.8ms 6fb34082:p12/c236/120.8ms] tree=20 paths=1 blooms=12 sessions=0 entries=20
[info] 
node 3f82887f 202:3eb:bc02:2e59:6617:5771:1ee0:fa2e: 12/16 links up
URI                                           DIR  KEY       ADDRESS                                 STATE  UPTIME  RTT    RX           TX           PARENT/SEQ       ERROR
tcp://109.107.177.127:65535                   out  00000000  225:124e:2a74:9966:d18d:2f19:adbf:a950  up     2m59s   113ms  1.9K 574B/s  725B 2B/s    00000000/207544
tcp://146.103.111.53:65535                    out  00000000  225:7634:2b02:5ab:feb4:7404:bef7:5bec   up     2m59s   117ms  1.4K 0B/s    768B 0B/s    00000000/207544
tcp://212.34.131.160:65535                    out  00000000  223:a490:c90a:c54a:b4e4:d5c:d9d6:b577   up     2m59s   114ms  1.4K 0B/s    1.2K 0B/s    00000000/207544
tcp://5.252.118.13:65535                      out  8af0a383  200:ea1e:b8f8:fd1c:cc8e:3ead:9c2b:6d5f  up     2m59s   118ms  1.4K 2B/s    2.1K 884B/s  00000000/207544
tcp://62.210.85.80:39565                      out  00000000  221:c99a:91a1:cd2c:3164:27d7:9675:bf7d  up     2m59s   111ms  1.8K 0B/s    976B 0B/s    ebf5e7f1/390595
tcp://bode.theender.net:42069                 out  f91b909f  200:dc8:dec1:78fa:c0e9:bf19:a988:60fe   up     2m59s   113ms  1.6K 0B/s    974B 0B/s    00000000/207544
tcp://yggdrasil.su:62486                      out  000000c7  218:71e5:78e4:8989:b71:db7f:7bf1:f1e1   up     2m59s   113ms  1.6K 0B/s    976B 0B/s    00000000/381721
tls://109.176.250.101:65534                   out  6fb34082  201:4132:fdf6:7db:5e49:5da9:4ec5:af35   up     2m59s   120ms  1.8K 0B/s    976B 0B/s    2aa01f58/315466
tls://37.186.113.100:1515                     out  2a038bfc  202:afe3:a019:bf68:83e8:78da:b649:99fc  up     2m59s   87ms   1.6K 0B/s    976B 0B/s    00000000/205202
tls://ygg1.mk16.de:1338?key=0000000087ee9949  out  00000000  220:f022:cd6c:22a9:5285:79e2:2e19:b66a  up     2m59s   84ms   1.6K 0B/s    977B 0B/s    00000000/387281
tls://ygg7.mk16.de:1338?key=000000086278b5f3  out  00000008  21c:f3b0:e941:88bc:2938:a694:9012:37f2  up     2m59s   113ms  1.8K 0B/s    1.2K 0B/s    2aa01f58/99774
tls://yggpeer.tilde.green:59454               out  00000002  21e:aabf:6a83:d711:db93:8d3d:6131:ba4   up     2m59s   118ms  1.6K 0B/s    978B 0B/s    00000000/207544
tcp://89.44.86.85:65535                       out  -         -                                       down   -       -      0B 0B/s      0B 0B/s      -                :timeout 18s ago
tcp://thatmaidguy.fvds.ru:7991                out  -         -                                       down   -       -      0B 0B/s      0B 0B/s      -                :no_suitable_ips 52s ago
tcp://ygg6.mk16.de:1337?key=0000005e5ced06fd  out  -         -                                       down   -       -      0B 0B/s      0B 0B/s      -                :enetunreach 52s ago
tls://ygg.ace.ctrl-c.liu.se:9999?key=5636b3a  out  -         -                                       down   -       -      0B 0B/s      0B 0B/s      -                :timeout 17s ago
[info] [Mainline DHT] fn: 0, gp_workers: 0, gp_network: 0, samples: 30, TOTAL: 30 /s
[debug] IPv6 packet from 189669c9 not answered: {:icmpv6, 129, 0}
[debug] [DHT] Bootstrap: tried 259202 generated IPv4 addresses
[info] [Guard] MEM: RSS: 122.9 MB, BEAM: 68.4 MB, OS: 3.72 GB (49.0% used)
[debug] IPv6 packet from 189669c9 not answered: {:icmpv6, 129, 0}
[debug] [DHT] Bootstrap: tried 260619 generated IPv4 addresses
[debug] IPv6 packet from 189669c9 not answered: {:icmpv6, 129, 0}
[debug] [DHT] Bootstrap: tried 262036 generated IPv4 addresses
[debug] IPv6 packet from 189669c9 not answered: {:icmpv6, 129, 0}
[debug] [DHT] Bootstrap: tried 263453 generated IPv4 addresses
[debug] IPv6 packet from 189669c9 not answered: {:icmpv6, 129, 0}
[debug] [DHT] Bootstrap: tried 264979 generated IPv4 addresses
[debug] IPv6 packet from 189669c9 not answered: {:icmpv6, 129, 0}
[info] [IH Collector] prep: 0, sorted: 0, ann: 0
[debug] [DHT] Bootstrap: tried 266396 generated IPv4 addresses
[debug] IPv6 packet from 189669c9 not answered: {:icmpv6, 129, 0}
[debug] [DHT] Bootstrap: tried 267813 generated IPv4 addresses
[debug] IPv6 packet from 189669c9 not answered: {:icmpv6, 129, 0}
[debug] [DHT] Bootstrap: tried 269230 generated IPv4 addresses
[debug] [DHT] Bootstrap: tried 270647 generated IPv4 addresses
[info] [PeerManager] ver_cb: 0, unv_cb: 0, peer_info: 0, failed: 0
[debug] [DHT] Bootstrap: tried 272064 generated IPv4 addresses
[info] [Mainline DHT] fn: 0, gp_workers: 0, gp_network: 0, samples: 29, TOTAL: 29 /s
[debug] [DHT] Bootstrap: tried 273590 generated IPv4 addresses
[debug] [DHT] Bootstrap: tried 275007 generated IPv4 addresses
[debug] [DHT] Bootstrap: tried 276424 generated IPv4 addresses
[debug] [DHT] Bootstrap: tried 277841 generated IPv4 addresses
[debug] [DHT] Bootstrap: tried 279258 generated IPv4 addresses
[debug] [DHT] Bootstrap: tried 280675 generated IPv4 addresses
[debug] [DHT] Bootstrap: tried 282201 generated IPv4 addresses
[debug] [DHT] Bootstrap: tried 283618 generated IPv4 addresses
[info] [IH Collector] prep: 0, sorted: 0, ann: 0
[debug] [DHT] Bootstrap: tried 285035 generated IPv4 addresses
[info] [PeerManager] ver_cb: 0, unv_cb: 0, peer_info: 0, failed: 0
[debug] [DHT] Bootstrap: tried 286452 generated IPv4 addresses
[info] [Mainline DHT] fn: 0, gp_workers: 0, gp_network: 0, samples: 30, TOTAL: 30 /s
[debug] [DHT] Bootstrap: tried 287869 generated IPv4 addresses
[info] [Guard] MEM: RSS: 123.0 MB, BEAM: 68.5 MB, OS: 3.72 GB (47.6% used)
[debug] [DHT] Bootstrap: tried 289286 generated IPv4 addresses
[debug] [DHT] Bootstrap: tried 290812 generated IPv4 addresses
[debug] [DHT] Bootstrap: tried 292229 generated IPv4 addresses
[debug] [DHT] Bootstrap: tried 293646 generated IPv4 addresses
[debug] [DHT] Bootstrap: tried 295063 generated IPv4 addresses
[debug] [DHT] Bootstrap: tried 296480 generated IPv4 addresses
[debug] [DHT] Bootstrap: tried 297897 generated IPv4 addresses
[debug] [DHT] Bootstrap: tried 299314 generated IPv4 addresses
[info] [PeerManager] ver_cb: 0, unv_cb: 0, peer_info: 0, failed: 0
[debug] [DHT] Bootstrap: tried 300731 generated IPv4 addresses
[info] [Mainline DHT] fn: 0, gp_workers: 0, gp_network: 0, samples: 30, TOTAL: 30 /s
[debug] [DHT] Bootstrap: tried 302039 generated IPv4 addresses
[debug] [DHT] Bootstrap: tried 303456 generated IPv4 addresses
[info] [IH Collector] prep: 0, sorted: 0, ann: 0
[debug] [DHT] Bootstrap: tried 304982 generated IPv4 addresses
[debug] [DHT] Bootstrap: tried 306399 generated IPv4 addresses
[debug] [DHT] Bootstrap: tried 307816 generated IPv4 addresses
[debug] [DHT] Bootstrap: tried 309233 generated IPv4 addresses
[debug] [DHT] Bootstrap: tried 310650 generated IPv4 addresses
[debug] [DHT] Bootstrap: tried 312067 generated IPv4 addresses
[debug] [DHT] Bootstrap: tried 313484 generated IPv4 addresses
[info] [PeerManager] ver_cb: 0, unv_cb: 0, peer_info: 0, failed: 0
[debug] [DHT] Bootstrap: tried 314901 generated IPv4 addresses
[info] [Mainline DHT] fn: 0, gp_workers: 0, gp_network: 0, samples: 29, TOTAL: 29 /s
[debug] [DHT] Bootstrap: tried 316427 generated IPv4 addresses
[info] [Guard] MEM: RSS: 123.1 MB, BEAM: 68.4 MB, OS: 3.72 GB (48.8% used)
[debug] [DHT] Bootstrap: tried 317844 generated IPv4 addresses
[debug] [DHT] Bootstrap: tried 319261 generated IPv4 addresses
[debug] [DHT] Bootstrap: tried 320678 generated IPv4 addresses
[debug] [DHT] Bootstrap: tried 322095 generated IPv4 addresses
[info] [IH Collector] prep: 0, sorted: 0, ann: 0
[debug] [DHT] Bootstrap: tried 323512 generated IPv4 addresses
[debug] [DHT] Bootstrap: tried 324929 generated IPv4 addresses
[debug] [DHT] Bootstrap: tried 326346 generated IPv4 addresses
[debug] [DHT] Bootstrap: tried 327763 generated IPv4 addresses
[info] [PeerManager] ver_cb: 0, unv_cb: 0, peer_info: 0, failed: 0
[debug] [DHT] Bootstrap: tried 329180 generated IPv4 addresses
[info] [Mainline DHT] fn: 0, gp_workers: 0, gp_network: 0, samples: 29, TOTAL: 29 /s
[debug] [DHT] Bootstrap: tried 330597 generated IPv4 addresses
[debug] [DHT] Bootstrap: tried 332123 generated IPv4 addresses
[debug] [DHT] Bootstrap: tried 333540 generated IPv4 addresses
[debug] [DHT] Bootstrap: tried 334957 generated IPv4 addresses
[debug] [DHT] Bootstrap: tried 336374 generated IPv4 addresses
[debug] [DHT] Bootstrap: tried 337791 generated IPv4 addresses
[debug] [DHT] Bootstrap: tried 339208 generated IPv4 addresses
[debug] [DHT] Bootstrap: tried 340734 generated IPv4 addresses
[info] [IH Collector] prep: 0, sorted: 0, ann: 0
[debug] [DHT] Bootstrap: tried 342151 generated IPv4 addresses
[info] [PeerManager] ver_cb: 0, unv_cb: 0, peer_info: 0, failed: 0
[info] routing 3f82887f: root=00000000 depth=2 parent=00000000 peers=12 [00000000:p1/c185/114.3ms 00000000:p2/c186/117.7ms 00000000:p3/c191/111.8ms 00000000:p4/c181/113.1ms 8af0a383:p5/c208/118.1ms 000000c7:p6/c188/113.2ms f91b909f:p7/c189/113.5ms 00000000:p8/c172/84.9ms 2a038bfc:p9/c167/87.4ms 00000008:p10/c198/113.6ms 00000002:p11/c235/118.8ms 6fb34082:p12/c236/120.8ms] tree=20 paths=1 blooms=12 sessions=0 entries=20
[info] 
node 3f82887f 202:3eb:bc02:2e59:6617:5771:1ee0:fa2e: 12/16 links up
URI                                           DIR  KEY       ADDRESS                                 STATE  UPTIME  RTT    RX         TX         PARENT/SEQ       ERROR
tcp://109.107.177.127:65535                   out  00000000  225:124e:2a74:9966:d18d:2f19:adbf:a950  up     3m59s   113ms  4.4K 0B/s  739B 0B/s  00000000/207544
tcp://146.103.111.53:65535                    out  00000000  225:7634:2b02:5ab:feb4:7404:bef7:5bec   up     3m59s   117ms  1.4K 0B/s  768B 0B/s  00000000/207544
tcp://212.34.131.160:65535                    out  00000000  223:a490:c90a:c54a:b4e4:d5c:d9d6:b577   up     3m59s   114ms  1.4K 0B/s  1.2K 0B/s  00000000/207544
tcp://5.252.118.13:65535                      out  8af0a383  200:ea1e:b8f8:fd1c:cc8e:3ead:9c2b:6d5f  up     3m59s   118ms  1.4K 0B/s  4.2K 0B/s  00000000/207544
tcp://62.210.85.80:39565                      out  00000000  221:c99a:91a1:cd2c:3164:27d7:9675:bf7d  up     3m59s   111ms  1.8K 0B/s  976B 0B/s  ebf5e7f1/390595
tcp://bode.theender.net:42069                 out  f91b909f  200:dc8:dec1:78fa:c0e9:bf19:a988:60fe   up     3m59s   113ms  1.6K 0B/s  974B 0B/s  00000000/207544
tcp://yggdrasil.su:62486                      out  000000c7  218:71e5:78e4:8989:b71:db7f:7bf1:f1e1   up     3m59s   113ms  1.6K 0B/s  976B 0B/s  00000000/381721
tls://109.176.250.101:65534                   out  6fb34082  201:4132:fdf6:7db:5e49:5da9:4ec5:af35   up     3m59s   120ms  1.8K 0B/s  976B 0B/s  2aa01f58/315466
tls://37.186.113.100:1515                     out  2a038bfc  202:afe3:a019:bf68:83e8:78da:b649:99fc  up     3m59s   87ms   1.6K 0B/s  976B 0B/s  00000000/205202
tls://ygg1.mk16.de:1338?key=0000000087ee9949  out  00000000  220:f022:cd6c:22a9:5285:79e2:2e19:b66a  up     3m59s   84ms   1.6K 0B/s  977B 0B/s  00000000/387281
tls://ygg7.mk16.de:1338?key=000000086278b5f3  out  00000008  21c:f3b0:e941:88bc:2938:a694:9012:37f2  up     3m59s   113ms  1.8K 0B/s  1.2K 0B/s  2aa01f58/99774
tls://yggpeer.tilde.green:59454               out  00000002  21e:aabf:6a83:d711:db93:8d3d:6131:ba4   up     3m59s   118ms  1.6K 0B/s  978B 0B/s  00000000/207544
tcp://89.44.86.85:65535                       out  -         -                                       down   -       -      0B 0B/s    0B 0B/s    -                :timeout 1m18s ago
tcp://thatmaidguy.fvds.ru:7991                out  -         -                                       down   -       -      0B 0B/s    0B 0B/s    -                :no_suitable_ips 1m52s ago
tcp://ygg6.mk16.de:1337?key=0000005e5ced06fd  out  -         -                                       down   -       -      0B 0B/s    0B 0B/s    -                :enetunreach 1m52s ago
tls://ygg.ace.ctrl-c.liu.se:9999?key=5636b3a  out  -         -                                       down   -       -      0B 0B/s    0B 0B/s    -                :timeout 1m17s ago
[debug] [DHT] Bootstrap: tried 343568 generated IPv4 addresses
[info] [Mainline DHT] fn: 0, gp_workers: 0, gp_network: 0, samples: 30, TOTAL: 30 /s
[debug] [DHT] Bootstrap: tried 344985 generated IPv4 addresses
[info] [Guard] MEM: RSS: 123.1 MB, BEAM: 68.3 MB, OS: 3.72 GB (48.2% used)
[debug] [DHT] Bootstrap: tried 346402 generated IPv4 addresses
[debug] [DHT] Bootstrap: tried 347819 generated IPv4 addresses
[debug] [DHT] Bootstrap: tried 349345 generated IPv4 addresses
[debug] [DHT] Bootstrap: tried 350762 generated IPv4 addresses
[debug] [DHT] Bootstrap: tried 352179 generated IPv4 addresses
[debug] [DHT] Bootstrap: tried 353596 generated IPv4 addresses
[debug] [DHT] Bootstrap: tried 355013 generated IPv4 addresses
[debug] [DHT] Bootstrap: tried 356430 generated IPv4 addresses
[info] [PeerManager] ver_cb: 0, unv_cb: 0, peer_info: 0, failed: 0
[debug] [DHT] Bootstrap: tried 357847 generated IPv4 addresses
[info] [Mainline DHT] fn: 0, gp_workers: 0, gp_network: 0, samples: 29, TOTAL: 29 /s
[debug] [DHT] Bootstrap: tried 359373 generated IPv4 addresses
[info] [IH Collector] prep: 0, sorted: 0, ann: 0
[debug] [DHT] Bootstrap: tried 360790 generated IPv4 addresses
[debug] [DHT] Bootstrap: tried 362207 generated IPv4 addresses
[debug] [DHT] Bootstrap: tried 363624 generated IPv4 addresses
[debug] [DHT] Bootstrap: tried 365041 generated IPv4 addresses
[debug] Dialling tcp://ygg6.mk16.de:1337 reported error: {:shutdown, :enetunreach}
[debug] [DHT] Bootstrap: tried 366458 generated IPv4 addresses
[debug] [DHT] Bootstrap: tried 367984 generated IPv4 addresses
[debug] [DHT] Bootstrap: tried 369401 generated IPv4 addresses
[debug] [DHT] Bootstrap: tried 370818 generated IPv4 addresses
[info] [PeerManager] ver_cb: 0, unv_cb: 0, peer_info: 0, failed: 0
[info] [Mainline DHT] fn: 0, gp_workers: 0, gp_network: 0, samples: 30, TOTAL: 30 /s
[debug] [DHT] Bootstrap: tried 372235 generated IPv4 addresses
[info] [Guard] MEM: RSS: 123.1 MB, BEAM: 68.4 MB, OS: 3.72 GB (48.1% used)
[debug] [DHT] Bootstrap: tried 373652 generated IPv4 addresses
[debug] [DHT] Bootstrap: tried 375069 generated IPv4 addresses
[debug] [DHT] Bootstrap: tried 376595 generated IPv4 addresses
[debug] [DHT] Bootstrap: tried 378012 generated IPv4 addresses
[debug] [DHT] Bootstrap: tried 379429 generated IPv4 addresses
[info] [IH Collector] prep: 0, sorted: 0, ann: 0
[debug] [DHT] Bootstrap: tried 380846 generated IPv4 addresses
[debug] [DHT] Bootstrap: tried 382263 generated IPv4 addresses
[debug] [DHT] Bootstrap: tried 383680 generated IPv4 addresses

BREAK: (a)bort (A)bort with dump (c)ontinue (p)roc info (i)nfo
       (l)oaded (v)ersion (k)ill (D)b-tables (d)istribution
Traceback (most recent call last):
  File "/home/dok1o/Code/ms_v68/gui/gui_logic.py", line 153, in <lambda>
    gui.notifier.activated.connect(lambda: on_socket_read(gui))
    
KeyboardInterrupt
Traceback (most recent call last):
  File "/home/dok1o/Code/ms_v68/gui/gui_client.py", line 81, in <lambda>
    self.reconnect_timer.timeout.connect(lambda: attempt_connection(self))
    
KeyboardInterrupt
[cleanup] Shutting down backend...
[cleanup] Shutting down backend...
--- NEW SESSION: Sat Sep 26 16:55:30 +05 2026 ---
[init] starting Elixir backend...
==> ygg_ex
Compiling 47 files (.ex)
Generated ygg_ex app
==> magnet_sorter
Compiling 93 files (.ex)
Generated magnet_sorter app
[init] starting Python GUI...
Traceback (most recent call last):
  File "/home/dok1o/Code/Aisar_code/ms_v68/gui/gui_client.py", line 8, in <module>
    from PySide6.QtCore import Qt, QTimer
ModuleNotFoundError: No module named 'PySide6'
[main] GUI exited with code 1. Exiting script.
[cleanup] Shutting down backend...

16:55:37.706 [notice] SIGTERM received - shutting down

./magnet_sorter.sh: line 92:  9900 Killed                     elixir --name "$NODE" --cookie secret_cookie -S mix run --no-halt  (wd: ~/Code/Aisar_code/ms_v68/backend)
[cleanup] Shutting down backend...
--- NEW SESSION: Sat Sep 26 16:56:42 +05 2026 ---
[init] starting Elixir backend...
Compiling 93 files (.ex)
Generated magnet_sorter app
[init] starting Python GUI...
Runtime Elixir: "1.19.5"
[info] === [Backend] Crawling: disabled, PF protocol: disabled, Yggdrasil: enabled ===
[info] === [PeerManager] DB loaded in 23ms: 0 infohashes, 0 peers ===
[info] Log file: /home/dok1o/Code/Aisar_code/ms_v68/data/logs/ygg.log
[info] Key loaded: 3f82887fba34d33d1511dc23e0ba25d4e6383dd184a5a4b67d25cc74874759b4
[info] Address 202:3eb:bc02:2e59:6617:5771:1ee0:fa2e, subnet 302:3eb:bc02:2e59::/64
[info] Address file /home/dok1o/Code/Aisar_code/ms_v68/data/ygg/ygg_address.txt: 202:3eb:bc02:2e59:6617:5771:1ee0:fa2e 0 3f82887fba34d33d1511dc23e0ba25d4e6383dd184a5a4b67d25cc74874759b4
[info] [Guard] System memory available at init: 2.6 GB, program auto-restart interval: each 720 hours
[debug] Dialling tls://ygg1.mk16.de:1338 reported error: {:shutdown, :enetunreach}
[info] Connected outbound: 200:ea1e:b8f8:fd1c:cc8e:3ead:9c2b:6d5f@5.252.118.13:65535, source 172.27.72.173:56986
[info] Connected outbound: 221:c99a:91a1:cd2c:3164:27d7:9675:bf7d@62.210.85.80:39565, source 172.27.72.173:50710
[info] Connected outbound: 223:a490:c90a:c54a:b4e4:d5c:d9d6:b577@212.34.131.160:65535, source 172.27.72.173:58204
[debug] Native router: link up 8af0a383 prio 0
[debug] Dialling tls://yggpeer.tilde.green:59454 reported error: {:shutdown, :enetunreach}
[debug] Native router: link up 00000000 prio 0
[info] Connected outbound: 225:7634:2b02:5ab:feb4:7404:bef7:5bec@146.103.111.53:65535, source 172.27.72.173:33868
[debug] Native router: link up 00000000 prio 0
[info] Connected outbound: 225:124e:2a74:9966:d18d:2f19:adbf:a950@109.107.177.127:65535, source 172.27.72.173:54210
[debug] Native router: link up 00000000 prio 0
[debug] Native router: link up 00000000 prio 0
[info] GUI Start
[debug] Dialling tls://ygg.ace.ctrl-c.liu.se:9999 reported error: {:shutdown, :enetunreach}
[debug] Dialling tcp://ygg6.mk16.de:1337 reported error: {:shutdown, :enetunreach}
[debug] Dialling tcp://bode.theender.net:42069 reported error: {:shutdown, :enetunreach}
[debug] Dialling tls://ygg7.mk16.de:1338 reported error: {:shutdown, :enetunreach}
[info] Connected outbound: 218:71e5:78e4:8989:b71:db7f:7bf1:f1e1@94.130.176.250:62486, source 172.27.72.173:60576
[debug] Native router: link up 000000c7 prio 0
[info] Connected outbound: 220:f022:cd6c:22a9:5285:79e2:2e19:b66a@5.252.226.123:1338, source 172.27.72.173:60800
[debug] Native router: link up 00000000 prio 0
[info] Connected outbound: 201:4132:fdf6:7db:5e49:5da9:4ec5:af35@109.176.250.101:65534, source 172.27.72.173:47054
[debug] Native router: link up 6fb34082 prio 0
[info] Connected outbound: 21e:aabf:6a83:d711:db93:8d3d:6131:ba4@54.38.176.219:59454, source 172.27.72.173:41162
[debug] Native router: link up 00000002 prio 0
[info] Connected outbound: 200:dc8:dec1:78fa:c0e9:bf19:a988:60fe@51.89.65.73:42069, source 172.27.72.173:47410
[debug] Native router: link up f91b909f prio 8
[debug] [DHT] Bootstrap: tried 1316 generated IPv4 addresses
[info] Connected outbound: 21c:f3b0:e941:88bc:2938:a694:9012:37f2@185.175.59.174:1338, source 172.27.72.173:36000
[debug] Native router: link up 00000008 prio 0
[info] Connected outbound: 202:afe3:a019:bf68:83e8:78da:b649:99fc@37.186.113.100:1515, source 172.27.72.173:46340
[debug] Native router: link up 2a038bfc prio 0
[info] [Guard] MEM: RSS: 130.1 MB, BEAM: 62.6 MB, OS: 3.72 GB (30.7% used)
[info] [NAT] Analysis complete:
  Type: cone
  External Identity: 212.108.86.170
  Port preserved: false
  Predictable: true (delta: 0)
  Unique ports: [9317]

[debug] [DHT] Bootstrap: tried 2837 generated IPv4 addresses
[debug] Dialling tcp://ygg6.mk16.de:1337 reported error: {:shutdown, :enetunreach}
[debug] [DHT] Bootstrap: tried 4358 generated IPv4 addresses
[debug] [DHT] Bootstrap: tried 5879 generated IPv4 addresses
[debug] [DHT] Bootstrap: tried 7400 generated IPv4 addresses
[debug] Dialling tcp://89.44.86.85:65535 reported error: {:shutdown, :timeout}
[debug] Dialling tls://ygg.ace.ctrl-c.liu.se:9999 reported error: {:shutdown, :timeout}
[debug] [DHT] Bootstrap: tried 8921 generated IPv4 addresses
[debug] [DHT] Bootstrap: tried 10442 generated IPv4 addresses
[debug] Dialling tcp://ygg6.mk16.de:1337 reported error: {:shutdown, :enetunreach}
[debug] Dialling tls://ygg.ace.ctrl-c.liu.se:9999 reported error: {:shutdown, :enetunreach}
[debug] [DHT] Bootstrap: tried 11963 generated IPv4 addresses
[debug] [DHT] Bootstrap: tried 13484 generated IPv4 addresses
[info] [PeerManager] ver_cb: 0, unv_cb: 0, peer_info: 0, failed: 0
[debug] [DHT] Bootstrap: tried 15005 generated IPv4 addresses
[info] [Mainline DHT] fn: 0, gp_workers: 0, gp_network: 0, samples: 7, TOTAL: 7 /s
[debug] [DHT] Bootstrap: tried 16526 generated IPv4 addresses
[debug] [DHT] Bootstrap: tried 17930 generated IPv4 addresses
[debug] Dialling tcp://89.44.86.85:65535 reported error: {:shutdown, :timeout}
[debug] Dialling tls://ygg.ace.ctrl-c.liu.se:9999 reported error: {:shutdown, :timeout}
[debug] [DHT] Bootstrap: tried 19451 generated IPv4 addresses
[info] [SearchManager] fetched: 0, failed: 0, fresh 0
[info] [IH Collector] prep: 0, sorted: 156, ann: 0
[debug] [DHT] Bootstrap: tried 20855 generated IPv4 addresses
[info] [DHT] Routing Table populated in 14 seconds with 4010 IPs of 3217 /16 subnets
[info] [Samples] ihs: 620 (41.3/s), gp: 2072 (138.1/s), bd: 175 | yld: 0, askd: 2072
[info] [Samples] [PF] freq: 29 buf: 560/16384, inbox: 9
[info] [PeerManager] ver_cb: 0, unv_cb: 0, peer_info: 0, failed: 0
[info] [Mainline DHT] fn: 19, gp_workers: 0, gp_network: 1, samples: 29, TOTAL: 49 /s
[debug] Dialling tcp://89.44.86.85:65535 reported error: {:shutdown, :timeout}
[info] [Guard] MEM: RSS: 170.7 MB, BEAM: 80.0 MB, OS: 3.72 GB (31.8% used)
[debug] Dialling tls://ygg.ace.ctrl-c.liu.se:9999 reported error: {:shutdown, :enetunreach}
[info] [SearchManager] fetched: 0, failed: 0, fresh 0
[info] [IH Collector] prep: 0, sorted: 396, ann: 0
[debug] Dialling tls://ygg.ace.ctrl-c.liu.se:9999 reported error: {:shutdown, :timeout}
[info] [PeerManager] ver_cb: 0, unv_cb: 0, peer_info: 0, failed: 0
[info] [Mainline DHT] fn: 75, gp_workers: 0, gp_network: 1, samples: 27, TOTAL: 103 /s
[info] [Samples] ihs: 1206 (73.6/s), gp: 4109 (250.7/s), bd: 473 | yld: 0, askd: 5644
[info] [Samples] [PF] freq: 152 buf: 1402/16384, inbox: 14
[debug] Dialling tcp://89.44.86.85:65535 reported error: {:shutdown, :timeout}
[info] [SearchManager] fetched: 0, failed: 0, fresh 0
[debug] Dialling tls://ygg.ace.ctrl-c.liu.se:9999 reported error: {:shutdown, :enetunreach}
[info] [PeerManager] ver_cb: 0, unv_cb: 2242, peer_info: 0, failed: 0
[info] [IH Collector] prep: 56, sorted: 1289, ann: 0
[info] [Mainline DHT] fn: 0, gp_workers: 0, gp_network: 2, samples: 29, TOTAL: 31 /s
[debug] Dialling tcp://ygg6.mk16.de:1337 reported error: {:shutdown, :enetunreach}
[info] [Guard] MEM: RSS: 181.3 MB, BEAM: 91.0 MB, OS: 3.72 GB (33.4% used)
[debug] Dialling tls://ygg.ace.ctrl-c.liu.se:9999 reported error: {:shutdown, :timeout}
[info] [SearchManager] fetched: 0, failed: 0, fresh 0
[info] [Samples] ihs: 3269 (177.9/s), gp: 10855 (590.6/s), bd: 1235 | yld: 0, askd: 13834
[info] [Samples] [PF] freq: 493 buf: 3633/16384, inbox: 46
[info] [PeerManager] ver_cb: 0, unv_cb: 1086, peer_info: 0, failed: 0
[info] [Mainline DHT] fn: 0, gp_workers: 0, gp_network: 3, samples: 29, TOTAL: 32 /s
[info] [IH Collector] prep: 0, sorted: 2194, ann: 0
[debug] Dialling tcp://89.44.86.85:65535 reported error: {:shutdown, :timeout}
[debug] Dialling tls://ygg.ace.ctrl-c.liu.se:9999 reported error: {:shutdown, :enetunreach}
[info] [PeerManager] ver_cb: 0, unv_cb: 0, peer_info: 0, failed: 0
[info] routing 3f82887f: root=00000000 depth=2 parent=8af0a383 peers=12 [8af0a383:p1/c185/106.4ms 00000000:p2/c187/107.2ms 00000000:p3/c196/117.7ms 00000000:p4/c244/118.6ms 00000000:p5/c245/128.2ms 000000c7:p6/c191/116.9ms 00000000:p7/c160/92.2ms 6fb34082:p8/c221/128.9ms 00000002:p9/c230/143.3ms f91b909f:p10/c184/106.7ms 00000008:p11/c201/117.4ms 2a038bfc:p12/c1169/584.6ms] tree=21 paths=0 blooms=12 sessions=0 entries=21
[info] 
node 3f82887f 202:3eb:bc02:2e59:6617:5771:1ee0:fa2e: 12/16 links up
URI                                           DIR  KEY       ADDRESS                                 STATE       UPTIME  RTT    RX         TX         PARENT/SEQ       ERROR
tcp://109.107.177.127:65535                   out  00000000  225:124e:2a74:9966:d18d:2f19:adbf:a950  up          59s     128ms  746B 0B/s  681B 0B/s  00000000/125691
tcp://146.103.111.53:65535                    out  00000000  225:7634:2b02:5ab:feb4:7404:bef7:5bec   up          59s     118ms  744B 0B/s  682B 0B/s  00000000/134466
tcp://212.34.131.160:65535                    out  00000000  223:a490:c90a:c54a:b4e4:d5c:d9d6:b577   up          59s     117ms  748B 0B/s  681B 0B/s  00000000/25798
tcp://5.252.118.13:65535                      out  8af0a383  200:ea1e:b8f8:fd1c:cc8e:3ead:9c2b:6d5f  up          59s     106ms  781B 0B/s  570B 0B/s  00000000/20644
tcp://62.210.85.80:39565                      out  00000000  221:c99a:91a1:cd2c:3164:27d7:9675:bf7d  up          59s     107ms  957B 0B/s  683B 0B/s  ebf5e7f1/390605
tcp://bode.theender.net:42069                 out  f91b909f  200:dc8:dec1:78fa:c0e9:bf19:a988:60fe   up          59s     106ms  954B 0B/s  889B 0B/s  000000c9/387784
tcp://yggdrasil.su:62486                      out  000000c7  218:71e5:78e4:8989:b71:db7f:7bf1:f1e1   up          59s     116ms  959B 0B/s  683B 0B/s  33082dfb/381731
tls://109.176.250.101:65534                   out  6fb34082  201:4132:fdf6:7db:5e49:5da9:4ec5:af35   up          59s     128ms  745B 0B/s  890B 0B/s  2aa01f58/315476
tls://37.186.113.100:1515                     out  2a038bfc  202:afe3:a019:bf68:83e8:78da:b649:99fc  up          59s     584ms  954B 0B/s  890B 0B/s  fba015ea/319495
tls://ygg1.mk16.de:1338?key=0000000087ee9949  out  00000000  220:f022:cd6c:22a9:5285:79e2:2e19:b66a  up          59s     92ms   746B 0B/s  890B 0B/s  208aaeb9/387291
tls://ygg7.mk16.de:1338?key=000000086278b5f3  out  00000008  21c:f3b0:e941:88bc:2938:a694:9012:37f2  up          59s     117ms  744B 0B/s  889B 0B/s  2aa01f58/99784
tls://yggpeer.tilde.green:59454               out  00000002  21e:aabf:6a83:d711:db93:8d3d:6131:ba4   up          59s     143ms  744B 0B/s  889B 0B/s  3e66bfe0/269181
tcp://89.44.86.85:65535                       out  -         -                                       down        -       -      0B 0B/s    0B 0B/s    -                :timeout 4s ago
tcp://thatmaidguy.fvds.ru:7991                out  -         -                                       down        -       -      0B 0B/s    0B 0B/s    -                :no_suitable_ips 19s ago
tcp://ygg6.mk16.de:1337?key=0000005e5ced06fd  out  -         -                                       down        -       -      0B 0B/s    0B 0B/s    -                :enetunreach 19s ago
tls://ygg.ace.ctrl-c.liu.se:9999?key=5636b3a  out  -         -                                       connecting  -       -      0B 0B/s    0B 0B/s    -                :timeout 17s ago
[info] [Mainline DHT] fn: 0, gp_workers: 0, gp_network: 1, samples: 29, TOTAL: 30 /s
[debug] Native router: path notify for 8ae4099b
[info] [SearchManager] Sources: announce: 0/0 (0.0%), pex: 0/0 (0.0%), values: 0/0 (0.0%)
[info] [SearchManager] fetched: 0, failed: 0, fresh 0
[info] [Guard] MEM: RSS: 195.4 MB, BEAM: 97.7 MB, OS: 3.72 GB (33.0% used)
[debug] Dialling tls://ygg.ace.ctrl-c.liu.se:9999 reported error: {:shutdown, :timeout}
[info] [Samples] ihs: 2508 (161.5/s), gp: 8549 (550.4/s), bd: 1266 | yld: 0, askd: 12031
[info] [Samples] [PF] freq: 841 buf: 4950/16384, inbox: 40
[info] [IH Collector] prep: 0, sorted: 2969, ann: 1
[info] [PeerManager] ver_cb: 0, unv_cb: 7, peer_info: 0, failed: 0
[info] [Mainline DHT] fn: 0, gp_workers: 0, gp_network: 3, samples: 29, TOTAL: 32 /s
[debug] Dialling tcp://ygg6.mk16.de:1337 reported error: {:shutdown, :enetunreach}
[info] [SearchManager] fetched: 0, failed: 0, fresh 0
[info] [PeerManager] ver_cb: 0, unv_cb: 0, peer_info: 0, failed: 0
[info] [Samples] ihs: 1979 (131.3/s), gp: 6774 (449.3/s), bd: 765 | yld: 0, askd: 11474
[info] [Samples] [PF] freq: 1313 buf: 5779/16384, inbox: 53
[info] [Mainline DHT] fn: 19, gp_workers: 0, gp_network: 4, samples: 28, TOTAL: 51 /s
[info] [IH Collector] prep: 72, sorted: 3483, ann: 1
[info] [Guard] MEM: RSS: 199.1 MB, BEAM: 101.3 MB, OS: 3.72 GB (33.6% used)
[info] [SearchManager] fetched: 0, failed: 0, fresh 0
[info] [PeerManager] ver_cb: 0, unv_cb: 0, peer_info: 0, failed: 0
[info] [Mainline DHT] fn: 110, gp_workers: 0, gp_network: 3, samples: 23, TOTAL: 136 /s
[debug] Dialling tcp://89.44.86.85:65535 reported error: {:shutdown, :timeout}
[info] [IH Collector] prep: 0, sorted: 4062, ann: 2
[debug] Dialling tls://ygg.ace.ctrl-c.liu.se:9999 reported error: {:shutdown, :enetunreach}
[info] [SearchManager] fetched: 0, failed: 0, fresh 0
[info] [PeerManager] ver_cb: 0, unv_cb: 0, peer_info: 0, failed: 0
[info] [Mainline DHT] fn: 134, gp_workers: 0, gp_network: 5, samples: 23, TOTAL: 162 /s
[debug] Dialling tls://ygg.ace.ctrl-c.liu.se:9999 reported error: {:shutdown, :timeout}
[info] [Guard] MEM: RSS: 201.3 MB, BEAM: 110.2 MB, OS: 3.72 GB (32.7% used)
[info] [Samples] ihs: 2434 (111.0/s), gp: 8423 (384.1/s), bd: 834 | yld: 0, askd: 12085
[info] [Samples] [PF] freq: 1739 buf: 7071/16384, inbox: 45
[info] [IH Collector] prep: 0, sorted: 4428, ann: 2
[info] [SearchManager] fetched: 0, failed: 0, fresh 0
[info] [PeerManager] ver_cb: 0, unv_cb: 0, peer_info: 0, failed: 0
[info] [Mainline DHT] fn: 88, gp_workers: 0, gp_network: 4, samples: 26, TOTAL: 118 /s
[info] [PeerManager] ver_cb: 0, unv_cb: 0, peer_info: 0, failed: 0
[info] [Samples] ihs: 2889 (161.4/s), gp: 9916 (553.9/s), bd: 909 | yld: 0, askd: 14067
[info] [Samples] [PF] freq: 2048 buf: 8536/16384, inbox: 44
[info] 
node 3f82887f 202:3eb:bc02:2e59:6617:5771:1ee0:fa2e: 12/16 links up
URI                                           DIR  KEY       ADDRESS                                 STATE  UPTIME  RTT    RX         TX         PARENT/SEQ       ERROR
tcp://109.107.177.127:65535                   out  00000000  225:124e:2a74:9966:d18d:2f19:adbf:a950  up     1m59s   128ms  1.2K 0B/s  975B 0B/s  00000000/207555
tcp://146.103.111.53:65535                    out  00000000  225:7634:2b02:5ab:feb4:7404:bef7:5bec   up     1m59s   118ms  1.2K 0B/s  1.2K 0B/s  00000000/20645
tcp://212.34.131.160:65535                    out  00000000  223:a490:c90a:c54a:b4e4:d5c:d9d6:b577   up     1m59s   117ms  978B 0B/s  1.2K 0B/s  00000000/25799
tcp://5.252.118.13:65535                      out  8af0a383  200:ea1e:b8f8:fd1c:cc8e:3ead:9c2b:6d5f  up     1m59s   106ms  2.2K 0B/s  1.5K 0B/s  00000000/207555
tcp://62.210.85.80:39565                      out  00000000  221:c99a:91a1:cd2c:3164:27d7:9675:bf7d  up     1m59s   107ms  1.1K 0B/s  1.1K 0B/s  00000000/133278
tcp://bode.theender.net:42069                 out  f91b909f  200:dc8:dec1:78fa:c0e9:bf19:a988:60fe   up     1m59s   106ms  1.4K 0B/s  1.4K 0B/s  000000c9/387785
tcp://yggdrasil.su:62486                      out  000000c7  218:71e5:78e4:8989:b71:db7f:7bf1:f1e1   up     1m59s   116ms  1.1K 0B/s  1.1K 0B/s  00000000/63958
tls://109.176.250.101:65534                   out  6fb34082  201:4132:fdf6:7db:5e49:5da9:4ec5:af35   up     1m59s   128ms  1.1K 0B/s  1.1K 0B/s  00000000/207555
tls://37.186.113.100:1515                     out  2a038bfc  202:afe3:a019:bf68:83e8:78da:b649:99fc  up     1m59s   584ms  1.3K 0B/s  1.1K 0B/s  00000000/207555
tls://ygg1.mk16.de:1338?key=0000000087ee9949  out  00000000  220:f022:cd6c:22a9:5285:79e2:2e19:b66a  up     1m59s   92ms   1.1K 0B/s  1.3K 0B/s  00000000/20645
tls://ygg7.mk16.de:1338?key=000000086278b5f3  out  00000008  21c:f3b0:e941:88bc:2938:a694:9012:37f2  up     1m59s   117ms  1.1K 0B/s  1.1K 0B/s  00000000/207555
tls://yggpeer.tilde.green:59454               out  00000002  21e:aabf:6a83:d711:db93:8d3d:6131:ba4   up     1m59s   143ms  1.4K 0B/s  1.2K 0B/s  00000000/207555
tcp://89.44.86.85:65535                       out  -         -                                       down   -       -      0B 0B/s    0B 0B/s    -                :timeout 27s ago
tcp://thatmaidguy.fvds.ru:7991                out  -         -                                       down   -       -      0B 0B/s    0B 0B/s    -                :no_suitable_ips 47s ago
tcp://ygg6.mk16.de:1337?key=0000005e5ced06fd  out  -         -                                       down   -       -      0B 0B/s    0B 0B/s    -                :enetunreach 47s ago
tls://ygg.ace.ctrl-c.liu.se:9999?key=5636b3a  out  -         -                                       down   -       -      0B 0B/s    0B 0B/s    -                :timeout 19s ago
[info] routing 3f82887f: root=00000000 depth=2 parent=8af0a383 peers=12 [8af0a383:p1/c185/106.4ms 00000000:p2/c187/107.2ms 00000000:p3/c196/117.7ms 00000000:p4/c244/118.6ms 00000000:p5/c245/128.2ms 000000c7:p6/c191/116.9ms 00000000:p7/c160/92.2ms 6fb34082:p8/c221/128.9ms 00000002:p9/c230/143.3ms f91b909f:p10/c184/106.7ms 00000008:p11/c201/117.4ms 2a038bfc:p12/c1169/584.6ms] tree=21 paths=1 blooms=12 sessions=0 entries=21
[info] [Mainline DHT] fn: 88, gp_workers: 0, gp_network: 8, samples: 26, TOTAL: 122 /s
[info] [SearchManager] Sources: announce: 0/0 (0.0%), pex: 0/0 (0.0%), values: 0/0 (0.0%)
[info] [SearchManager] fetched: 0, failed: 0, fresh 0
[info] [Guard] MEM: RSS: 211.5 MB, BEAM: 112.9 MB, OS: 3.72 GB (35.2% used)
[info] [IH Collector] prep: 183, sorted: 5363, ann: 11
[info] [PeerManager] ver_cb: 0, unv_cb: 0, peer_info: 0, failed: 0
[info] [Mainline DHT] fn: 0, gp_workers: 0, gp_network: 4, samples: 29, TOTAL: 33 /s
[info] [SearchManager] fetched: 0, failed: 0, fresh 0
[info] [IH Collector] prep: 0, sorted: 6138, ann: 9
[info] [Samples] ihs: 2602 (166.6/s), gp: 8633 (552.8/s), bd: 1435 | yld: 0, askd: 13683
[info] [Samples] [PF] freq: 2048 buf: 9918/16384, inbox: 71
[debug] Dialling tcp://ygg6.mk16.de:1337 reported error: {:shutdown, :enetunreach}
[info] [PeerManager] ver_cb: 0, unv_cb: 0, peer_info: 0, failed: 0
[info] [Mainline DHT] fn: 0, gp_workers: 0, gp_network: 2, samples: 29, TOTAL: 31 /s
[info] [Guard] MEM: RSS: 207.3 MB, BEAM: 120.8 MB, OS: 3.72 GB (33.9% used)
[info] [SearchManager] fetched: 0, failed: 0, fresh 0
[info] [IH Collector] prep: 0, sorted: 6560, ann: 9
[info] [PeerManager] ver_cb: 0, unv_cb: 0, peer_info: 0, failed: 0
[info] [Mainline DHT] fn: 94, gp_workers: 0, gp_network: 41, samples: 19, TOTAL: 154 /s
[info] [Samples] ihs: 1680 (104.2/s), gp: 5686 (352.7/s), bd: 786 | yld: 0, askd: 11411
[info] [Samples] [PF] freq: 2048 buf: 10691/16384, inbox: 74
[info] [SearchManager] fetched: 0, failed: 0, fresh 0
[info] [PeerManager] ver_cb: 0, unv_cb: 2, peer_info: 0, failed: 0
[info] [Mainline DHT] fn: 0, gp_workers: 0, gp_network: 158, samples: 20, TOTAL: 178 /s
[debug] Dialling tcp://89.44.86.85:65535 reported error: {:shutdown, :timeout}
[info] [Guard] MEM: RSS: 210.3 MB, BEAM: 116.9 MB, OS: 3.72 GB (33.5% used)
[info] [IH Collector] prep: 0, sorted: 6424, ann: 0
[debug] Dialling tls://ygg.ace.ctrl-c.liu.se:9999 reported error: {:shutdown, :enetunreach}
[info] [Samples] ihs: 1817 (105.1/s), gp: 6274 (362.8/s), bd: 861 | yld: 0, askd: 8689
[info] [Samples] [PF] freq: 2048 buf: 11780/16384, inbox: 37
[info] [SearchManager] fetched: 0, failed: 0, fresh 0
[debug] Dialling tls://ygg.ace.ctrl-c.liu.se:9999 reported error: {:shutdown, :timeout}
[info] [PeerManager] ver_cb: 0, unv_cb: 0, peer_info: 0, failed: 0
[info] [Mainline DHT] fn: 0, gp_workers: 0, gp_network: 178, samples: 22, TOTAL: 200 /s
[info] [IH Collector] prep: 45, sorted: 6407, ann: 0
[info] [PeerManager] ver_cb: 0, unv_cb: 180, peer_info: 0, failed: 0
[info] 
node 3f82887f 202:3eb:bc02:2e59:6617:5771:1ee0:fa2e: 12/16 links up
URI                                           DIR  KEY       ADDRESS                                 STATE  UPTIME  RTT    RX         TX         PARENT/SEQ       ERROR
tcp://109.107.177.127:65535                   out  00000000  225:124e:2a74:9966:d18d:2f19:adbf:a950  up     2m59s   128ms  1.2K 0B/s  975B 0B/s  00000000/207555
tcp://146.103.111.53:65535                    out  00000000  225:7634:2b02:5ab:feb4:7404:bef7:5bec   up     2m59s   118ms  1.2K 0B/s  1.2K 0B/s  00000000/20645
tcp://212.34.131.160:65535                    out  00000000  223:a490:c90a:c54a:b4e4:d5c:d9d6:b577   up     2m59s   117ms  978B 0B/s  1.2K 0B/s  00000000/25799
tcp://5.252.118.13:65535                      out  8af0a383  200:ea1e:b8f8:fd1c:cc8e:3ead:9c2b:6d5f  up     2m59s   106ms  2.2K 0B/s  1.5K 0B/s  00000000/207555
tcp://62.210.85.80:39565                      out  00000000  221:c99a:91a1:cd2c:3164:27d7:9675:bf7d  up     2m59s   107ms  1.1K 0B/s  1.1K 0B/s  00000000/133278
tcp://bode.theender.net:42069                 out  f91b909f  200:dc8:dec1:78fa:c0e9:bf19:a988:60fe   up     2m59s   106ms  1.4K 0B/s  1.4K 0B/s  000000c9/387785
tcp://yggdrasil.su:62486                      out  000000c7  218:71e5:78e4:8989:b71:db7f:7bf1:f1e1   up     2m59s   116ms  1.6K 0B/s  1.2K 0B/s  00ffbdff/381732
tls://109.176.250.101:65534                   out  6fb34082  201:4132:fdf6:7db:5e49:5da9:4ec5:af35   up     2m59s   128ms  1.4K 0B/s  1.2K 0B/s  2aa01f58/315477
tls://37.186.113.100:1515                     out  2a038bfc  202:afe3:a019:bf68:83e8:78da:b649:99fc  up     2m59s   584ms  1.3K 0B/s  1.1K 0B/s  00000000/207555
tls://ygg1.mk16.de:1338?key=0000000087ee9949  out  00000000  220:f022:cd6c:22a9:5285:79e2:2e19:b66a  up     2m59s   92ms   1.4K 0B/s  1.4K 0B/s  208aaeb9/387292
tls://ygg7.mk16.de:1338?key=000000086278b5f3  out  00000008  21c:f3b0:e941:88bc:2938:a694:9012:37f2  up     2m59s   117ms  1.4K 0B/s  1.2K 0B/s  2aa01f58/99785
tls://yggpeer.tilde.green:59454               out  00000002  21e:aabf:6a83:d711:db93:8d3d:6131:ba4   up     2m59s   143ms  1.4K 0B/s  1.2K 0B/s  00000000/207555
tcp://89.44.86.85:65535                       out  -         -                                       down   -       -      0B 0B/s    0B 0B/s    -                :timeout 18s ago
tcp://thatmaidguy.fvds.ru:7991                out  -         -                                       down   -       -      0B 0B/s    0B 0B/s    -                :no_suitable_ips 43s ago
tcp://ygg6.mk16.de:1337?key=0000005e5ced06fd  out  -         -                                       down   -       -      0B 0B/s    0B 0B/s    -                :enetunreach 43s ago
tls://ygg.ace.ctrl-c.liu.se:9999?key=5636b3a  out  -         -                                       down   -       -      0B 0B/s    0B 0B/s    -                :timeout 10s ago
[info] routing 3f82887f: root=00000000 depth=2 parent=8af0a383 peers=12 [8af0a383:p1/c185/106.4ms 00000000:p2/c187/107.2ms 00000000:p3/c196/117.7ms 00000000:p4/c244/118.6ms 00000000:p5/c245/128.2ms 000000c7:p6/c191/116.9ms 00000000:p7/c160/92.2ms 6fb34082:p8/c221/128.9ms 00000002:p9/c230/143.3ms f91b909f:p10/c184/106.7ms 00000008:p11/c201/117.4ms 2a038bfc:p12/c1169/584.6ms] tree=22 paths=0 blooms=12 sessions=0 entries=22
[info] [Mainline DHT] fn: 0, gp_workers: 0, gp_network: 178, samples: 22, TOTAL: 200 /s
[info] [SearchManager] Sources: announce: 0/0 (0.0%), pex: 0/0 (0.0%), values: 0/0 (0.0%)
[info] [SearchManager] fetched: 0, failed: 0, fresh 0
[info] [Guard] MEM: RSS: 209.6 MB, BEAM: 117.6 MB, OS: 3.72 GB (33.1% used)
[info] [Samples] ihs: 1659 (109.4/s), gp: 5595 (368.9/s), bd: 1063 | yld: 0, askd: 7967
[info] [Samples] [PF] freq: 2048 buf: 12465/16384, inbox: 1
[info] [PeerManager] ver_cb: 0, unv_cb: 0, peer_info: 0, failed: 0
[info] [Mainline DHT] fn: 0, gp_workers: 0, gp_network: 53, samples: 27, TOTAL: 80 /s
[info] [IH Collector] prep: 0, sorted: 6356, ann: 0
[info] [SearchManager] fetched: 0, failed: 0, fresh 0
[info] [PeerManager] ver_cb: 0, unv_cb: 0, peer_info: 0, failed: 0
[info] [Samples] ihs: 1838 (115.8/s), gp: 6335 (399.0/s), bd: 712 | yld: 0, askd: 8866
[info] [Samples] [PF] freq: 2048 buf: 12810/16384, inbox: 18
[info] [Mainline DHT] fn: 0, gp_workers: 0, gp_network: 2, samples: 29, TOTAL: 31 /s
[info] [Guard] MEM: RSS: 212.6 MB, BEAM: 115.5 MB, OS: 3.72 GB (33.3% used)
[info] [IH Collector] prep: 0, sorted: 6616, ann: 0
[info] [SearchManager] fetched: 0, failed: 0, fresh 0
[info] [PeerManager] ver_cb: 0, unv_cb: 582, peer_info: 0, failed: 0
[info] [Mainline DHT] fn: 0, gp_workers: 0, gp_network: 2, samples: 28, TOTAL: 30 /s
[info] [Samples] ihs: 2494 (152.9/s), gp: 8178 (501.3/s), bd: 1175 | yld: 0, askd: 11256
[info] [Samples] [PF] freq: 2048 buf: 12810/16384, inbox: 13
[info] [SearchManager] fetched: 0, failed: 0, fresh 0
[info] [IH Collector] prep: 67, sorted: 7054, ann: 0
[info] [PeerManager] ver_cb: 0, unv_cb: 0, peer_info: 0, failed: 0
[info] [Mainline DHT] fn: 0, gp_workers: 0, gp_network: 9, samples: 29, TOTAL: 38 /s
[info] [Guard] MEM: RSS: 208.8 MB, BEAM: 120.4 MB, OS: 3.72 GB (34.5% used)
[info] [SearchManager] fetched: 0, failed: 0, fresh 0
[info] [PeerManager] ver_cb: 0, unv_cb: 33, peer_info: 0, failed: 0
[info] [Mainline DHT] fn: 0, gp_workers: 0, gp_network: 11, samples: 29, TOTAL: 40 /s
[info] [Samples] ihs: 2542 (168.8/s), gp: 8216 (545.6/s), bd: 1406 | yld: 0, askd: 10827
[info] [Samples] [PF] freq: 2048 buf: 12888/16384, inbox: 10
[info] [IH Collector] prep: 0, sorted: 7735, ann: 10
[info] [PeerManager] ver_cb: 0, unv_cb: 0, peer_info: 0, failed: 0
[info] routing 3f82887f: root=00000000 depth=6 parent=8af0a383 peers=12 [8af0a383:p1/c185/106.4ms 00000000:p2/c187/107.2ms 00000000:p3/c196/117.7ms 00000000:p4/c244/118.6ms 00000000:p5/c245/128.2ms 000000c7:p6/c191/116.9ms 00000000:p7/c160/92.2ms 6fb34082:p8/c221/128.9ms 00000002:p9/c230/143.3ms f91b909f:p10/c184/106.7ms 00000008:p11/c201/117.4ms 2a038bfc:p12/c1169/584.6ms] tree=35 paths=0 blooms=12 sessions=0 entries=35
[info] 
node 3f82887f 202:3eb:bc02:2e59:6617:5771:1ee0:fa2e: 12/16 links up
URI                                           DIR  KEY       ADDRESS                                 STATE  UPTIME  RTT    RX         TX         PARENT/SEQ       ERROR
tcp://109.107.177.127:65535                   out  00000000  225:124e:2a74:9966:d18d:2f19:adbf:a950  up     3m59s   128ms  2.0K 0B/s  1.8K 0B/s  87b2a2d1/125693
tcp://146.103.111.53:65535                    out  00000000  225:7634:2b02:5ab:feb4:7404:bef7:5bec   up     3m59s   118ms  1.4K 0B/s  2.7K 0B/s  87b2a2d1/134468
tcp://212.34.131.160:65535                    out  00000000  223:a490:c90a:c54a:b4e4:d5c:d9d6:b577   up     3m59s   117ms  1.2K 0B/s  2.7K 0B/s  87b2a2d1/25800
tcp://5.252.118.13:65535                      out  8af0a383  200:ea1e:b8f8:fd1c:cc8e:3ead:9c2b:6d5f  up     3m59s   106ms  3.8K 0B/s  2.8K 0B/s  000000c9/27872
tcp://62.210.85.80:39565                      out  00000000  221:c99a:91a1:cd2c:3164:27d7:9675:bf7d  up     3m59s   107ms  4.0K 0B/s  2.0K 0B/s  95440525/390606
tcp://bode.theender.net:42069                 out  f91b909f  200:dc8:dec1:78fa:c0e9:bf19:a988:60fe   up     3m59s   106ms  2.8K 0B/s  1.8K 0B/s  000000c9/27872
tcp://yggdrasil.su:62486                      out  000000c7  218:71e5:78e4:8989:b71:db7f:7bf1:f1e1   up     3m59s   116ms  3.0K 0B/s  1.6K 0B/s  142c39da/135060
tls://109.176.250.101:65534                   out  6fb34082  201:4132:fdf6:7db:5e49:5da9:4ec5:af35   up     3m59s   128ms  3.4K 0B/s  1.2K 0B/s  000000c9/27872
tls://37.186.113.100:1515                     out  2a038bfc  202:afe3:a019:bf68:83e8:78da:b649:99fc  up     3m59s   584ms  2.2K 2B/s  2.8K 2B/s  c2d3c7db/319496
tls://ygg1.mk16.de:1338?key=0000000087ee9949  out  00000000  220:f022:cd6c:22a9:5285:79e2:2e19:b66a  up     3m59s   92ms   2.8K 0B/s  1.8K 0B/s  142c39da/135060
tls://ygg7.mk16.de:1338?key=000000086278b5f3  out  00000008  21c:f3b0:e941:88bc:2938:a694:9012:37f2  up     3m59s   117ms  3.4K 0B/s  1.2K 0B/s  000000c9/27872
tls://yggpeer.tilde.green:59454               out  00000002  21e:aabf:6a83:d711:db93:8d3d:6131:ba4   up     3m59s   143ms  2.6K 0B/s  2.0K 0B/s  87b2a2d1/25800
tcp://89.44.86.85:65535                       out  -         -                                       down   -       -      0B 0B/s    0B 0B/s    -                :timeout 1m18s ago
tcp://thatmaidguy.fvds.ru:7991                out  -         -                                       down   -       -      0B 0B/s    0B 0B/s    -                :no_suitable_ips 1m43s ago
tcp://ygg6.mk16.de:1337?key=0000005e5ced06fd  out  -         -                                       down   -       -      0B 0B/s    0B 0B/s    -                :enetunreach 1m43s ago
tls://ygg.ace.ctrl-c.liu.se:9999?key=5636b3a  out  -         -                                       down   -       -      0B 0B/s    0B 0B/s    -                :timeout 1m10s ago
[info] [Mainline DHT] fn: 0, gp_workers: 0, gp_network: 3, samples: 29, TOTAL: 32 /s
[info] [SearchManager] Sources: announce: 0/0 (0.0%), pex: 0/0 (0.0%), values: 0/0 (0.0%)
[info] [SearchManager] fetched: 0, failed: 0, fresh 0
[info] [Guard] MEM: RSS: 206.3 MB, BEAM: 116.3 MB, OS: 3.72 GB (33.2% used)
[info] [IH Collector] prep: 0, sorted: 6901, ann: 11
[info] [Samples] ihs: 1977 (130.5/s), gp: 6393 (422.0/s), bd: 867 | yld: 0, askd: 9731
[info] [Samples] [PF] freq: 2048 buf: 12982/16384, inbox: 30
[info] [PeerManager] ver_cb: 0, unv_cb: 216, peer_info: 0, failed: 0
[info] [Mainline DHT] fn: 0, gp_workers: 0, gp_network: 6, samples: 29, TOTAL: 35 /s
[info] [SearchManager] fetched: 0, failed: 0, fresh 0
[info] [IH Collector] prep: 0, sorted: 6541, ann: 2
[info] [PeerManager] ver_cb: 0, unv_cb: 91, peer_info: 0, failed: 0
[info] [Mainline DHT] fn: 0, gp_workers: 0, gp_network: 6, samples: 28, TOTAL: 34 /s
[info] [Guard] MEM: RSS: 211.2 MB, BEAM: 118.5 MB, OS: 3.72 GB (33.4% used)
[info] [Samples] ihs: 1760 (113.4/s), gp: 5789 (373.0/s), bd: 884 | yld: 0, askd: 8321
[info] [Samples] [PF] freq: 2048 buf: 12934/16384, inbox: 9
[info] [SearchManager] fetched: 0, failed: 0, fresh 0
[debug] Dialling tcp://ygg6.mk16.de:1337 reported error: {:shutdown, :enetunreach}
[info] [PeerManager] ver_cb: 0, unv_cb: 0, peer_info: 0, failed: 0
[info] [Mainline DHT] fn: 0, gp_workers: 0, gp_network: 21, samples: 28, TOTAL: 49 /s
[info] [IH Collector] prep: 0, sorted: 6687, ann: 23
[info] [SearchManager] fetched: 0, failed: 0, fresh 0
[info] [Samples] ihs: 1900 (125.5/s), gp: 6336 (418.6/s), bd: 1057 | yld: 0, askd: 8316
[info] [Samples] [PF] freq: 2048 buf: 12924/16384, inbox: 4
[info] [PeerManager] ver_cb: 0, unv_cb: 0, peer_info: 0, failed: 0
[info] [Mainline DHT] fn: 0, gp_workers: 0, gp_network: 6, samples: 29, TOTAL: 35 /s
[info] [Guard] MEM: RSS: 222.5 MB, BEAM: 114.0 MB, OS: 3.72 GB (33.4% used)
[info] [IH Collector] prep: 0, sorted: 6770, ann: 23
[info] [SearchManager] fetched: 0, failed: 0, fresh 0
[info] [PeerManager] ver_cb: 0, unv_cb: 0, peer_info: 0, failed: 0
[info] [Mainline DHT] fn: 0, gp_workers: 0, gp_network: 7, samples: 28, TOTAL: 35 /s
[info] [Samples] ihs: 1778 (112.4/s), gp: 6103 (385.9/s), bd: 656 | yld: 0, askd: 9803
[info] [Samples] [PF] freq: 2048 buf: 12694/16384, inbox: 50
[debug] Dialling tcp://89.44.86.85:65535 reported error: {:shutdown, :timeout}
[debug] Dialling tls://ygg.ace.ctrl-c.liu.se:9999 reported error: {:shutdown, :enetunreach}
[info] [PeerManager] ver_cb: 0, unv_cb: 0, peer_info: 0, failed: 0
[info] 
node 3f82887f 202:3eb:bc02:2e59:6617:5771:1ee0:fa2e: 12/16 links up
URI                                           DIR  KEY       ADDRESS                                 STATE       UPTIME  RTT    RX         TX         PARENT/SEQ       ERROR
tcp://109.107.177.127:65535                   out  00000000  225:124e:2a74:9966:d18d:2f19:adbf:a950  up          4m59s   197ms  2.1K 0B/s  2.7K 0B/s  87b2a2d1/125693
tcp://146.103.111.53:65535                    out  00000000  225:7634:2b02:5ab:feb4:7404:bef7:5bec   up          4m59s   195ms  1.5K 0B/s  3.5K 0B/s  87b2a2d1/134468
tcp://212.34.131.160:65535                    out  00000000  223:a490:c90a:c54a:b4e4:d5c:d9d6:b577   up          4m59s   162ms  1.3K 0B/s  3.5K 0B/s  87b2a2d1/25800
tcp://5.252.118.13:65535                      out  8af0a383  200:ea1e:b8f8:fd1c:cc8e:3ead:9c2b:6d5f  up          4m59s   94ms   3.9K 0B/s  3.7K 0B/s  000000c9/27872
tcp://62.210.85.80:39565                      out  00000000  221:c99a:91a1:cd2c:3164:27d7:9675:bf7d  up          4m59s   103ms  4.1K 0B/s  2.5K 0B/s  95440525/390606
tcp://bode.theender.net:42069                 out  f91b909f  200:dc8:dec1:78fa:c0e9:bf19:a988:60fe   up          4m59s   198ms  3.1K 0B/s  2.6K 0B/s  00000000/3314
tcp://yggdrasil.su:62486                      out  000000c7  218:71e5:78e4:8989:b71:db7f:7bf1:f1e1   up          4m59s   182ms  3.3K 0B/s  2.4K 0B/s  00000000/3314
tls://109.176.250.101:65534                   out  6fb34082  201:4132:fdf6:7db:5e49:5da9:4ec5:af35   up          4m59s   180ms  3.7K 0B/s  2.0K 0B/s  00000000/3314
tls://37.186.113.100:1515                     out  2a038bfc  202:afe3:a019:bf68:83e8:78da:b649:99fc  up          4m59s   88ms   2.3K 0B/s  3.6K 0B/s  c2d3c7db/319496
tls://ygg1.mk16.de:1338?key=0000000087ee9949  out  00000000  220:f022:cd6c:22a9:5285:79e2:2e19:b66a  up          4m59s   84ms   3.1K 0B/s  2.6K 0B/s  00000000/3314
tls://ygg7.mk16.de:1338?key=000000086278b5f3  out  00000008  21c:f3b0:e941:88bc:2938:a694:9012:37f2  up          4m59s   105ms  3.7K 0B/s  1.8K 0B/s  00000000/3314
tls://yggpeer.tilde.green:59454               out  00000002  21e:aabf:6a83:d711:db93:8d3d:6131:ba4   up          4m59s   176ms  2.7K 0B/s  2.8K 0B/s  87b2a2d1/25800
tcp://89.44.86.85:65535                       out  -         -                                       down        -       -      0B 0B/s    0B 0B/s    -                :timeout 5s ago
tcp://thatmaidguy.fvds.ru:7991                out  -         -                                       down        -       -      0B 0B/s    0B 0B/s    -                :no_suitable_ips 35s ago
tcp://ygg6.mk16.de:1337?key=0000005e5ced06fd  out  -         -                                       down        -       -      0B 0B/s    0B 0B/s    -                :enetunreach 34s ago
tls://ygg.ace.ctrl-c.liu.se:9999?key=5636b3a  out  -         -                                       connecting  -       -      0B 0B/s    0B 0B/s    -                :timeout 2m10s ago
[info] routing 3f82887f: root=00000000 depth=3 parent=00000000 peers=12 [8af0a383:p1/c173/94.7ms 00000000:p2/c177/103.6ms 00000000:p3/c192/162.9ms 00000000:p4/c238/195.8ms 00000000:p5/c239/198.0ms 000000c7:p6/c190/182.9ms 00000000:p7/c150/84.4ms 6fb34082:p8/c216/180.9ms 00000002:p9/c223/176.1ms f91b909f:p10/c185/198.1ms 00000008:p11/c189/105.6ms 2a038bfc:p12/c1034/88.3ms] tree=35 paths=0 blooms=12 sessions=0 entries=35
[info] [Mainline DHT] fn: 81, gp_workers: 0, gp_network: 3, samples: 26, TOTAL: 110 /s
[info] [IH Collector] prep: 0, sorted: 6378, ann: 3
[info] [SearchManager] Sources: announce: 0/0 (0.0%), pex: 0/0 (0.0%), values: 0/0 (0.0%)
[info] [SearchManager] fetched: 0, failed: 0, fresh 0
[info] [Guard] MEM: RSS: 223.9 MB, BEAM: 128.9 MB, OS: 3.72 GB (33.9% used)
[debug] Dialling tls://ygg.ace.ctrl-c.liu.se:9999 reported error: {:shutdown, :timeout}
[info] [PeerManager] ver_cb: 0, unv_cb: 0, peer_info: 0, failed: 0
[info] [Mainline DHT] fn: 88, gp_workers: 0, gp_network: 7, samples: 26, TOTAL: 121 /s
[info] [Samples] ihs: 2818 (157.1/s), gp: 9863 (550.0/s), bd: 1177 | yld: 0, askd: 12169
[info] [Samples] [PF] freq: 2048 buf: 12202/16384, inbox: 40
[info] [SearchManager] fetched: 0, failed: 0, fresh 0
[info] [IH Collector] prep: 0, sorted: 6424, ann: 2
[info] [PeerManager] ver_cb: 0, unv_cb: 0, peer_info: 0, failed: 0
[info] [Mainline DHT] fn: 71, gp_workers: 0, gp_network: 3, samples: 26, TOTAL: 100 /s
[debug] [UDP] Failed to start UTP conn with 114.16.196.15:16859, reason: {:already_started, #PID<0.119323.0>}
[info] [Guard] MEM: RSS: 226.3 MB, BEAM: 120.2 MB, OS: 3.72 GB (34.8% used)
[info] [SearchManager] fetched: 0, failed: 0, fresh 0
[info] [IH Collector] prep: 0, sorted: 6476, ann: 23
[info] [PeerManager] ver_cb: 0, unv_cb: 0, peer_info: 0, failed: 0
[info] [Mainline DHT] fn: 19, gp_workers: 0, gp_network: 20, samples: 26, TOTAL: 65 /s
[info] [Samples] ihs: 2571 (115.7/s), gp: 8875 (399.4/s), bd: 999 | yld: 0, askd: 13242
[info] [Samples] [PF] freq: 2048 buf: 12017/16384, inbox: 17
[info] [SearchManager] fetched: 0, failed: 0, fresh 0
[info] [PeerManager] ver_cb: 0, unv_cb: 960, peer_info: 0, failed: 0
[info] [Mainline DHT] fn: 132, gp_workers: 0, gp_network: 8, samples: 22, TOTAL: 162 /s
[info] [Guard] MEM: RSS: 224.5 MB, BEAM: 117.9 MB, OS: 3.72 GB (34.5% used)
[info] [IH Collector] prep: 0, sorted: 6071, ann: 22
[info] [SearchManager] fetched: 0, failed: 0, fresh 0
[info] [PeerManager] ver_cb: 0, unv_cb: 0, peer_info: 0, failed: 0
[info] [Mainline DHT] fn: 81, gp_workers: 0, gp_network: 4, samples: 26, TOTAL: 111 /s
[info] [Samples] ihs: 2659 (120.0/s), gp: 9186 (414.5/s), bd: 930 | yld: 0, askd: 10549
[info] [Samples] [PF] freq: 2048 buf: 11889/16384, inbox: 64
[info] [IH Collector] prep: 473, sorted: 5514, ann: 2
[info] [PeerManager] ver_cb: 0, unv_cb: 0, peer_info: 0, failed: 0
[info] routing 3f82887f: root=00000000 depth=3 parent=00000000 peers=12 [8af0a383:p1/c173/94.7ms 00000000:p2/c177/103.6ms 00000000:p3/c192/162.9ms 00000000:p4/c238/195.8ms 00000000:p5/c239/198.0ms 000000c7:p6/c190/182.9ms 00000000:p7/c150/84.4ms 6fb34082:p8/c216/180.9ms 00000002:p9/c223/176.1ms f91b909f:p10/c185/198.1ms 00000008:p11/c189/105.6ms 2a038bfc:p12/c1034/88.3ms] tree=36 paths=0 blooms=12 sessions=0 entries=36
[info] 
node 3f82887f 202:3eb:bc02:2e59:6617:5771:1ee0:fa2e: 12/16 links up
URI                                           DIR  KEY       ADDRESS                                 STATE  UPTIME  RTT    RX         TX         PARENT/SEQ       ERROR
tcp://109.107.177.127:65535                   out  00000000  225:124e:2a74:9966:d18d:2f19:adbf:a950  up     5m59s   197ms  2.1K 0B/s  2.7K 0B/s  87b2a2d1/125693
tcp://146.103.111.53:65535                    out  00000000  225:7634:2b02:5ab:feb4:7404:bef7:5bec   up     5m59s   195ms  1.5K 0B/s  3.5K 0B/s  87b2a2d1/134468
tcp://212.34.131.160:65535                    out  00000000  223:a490:c90a:c54a:b4e4:d5c:d9d6:b577   up     5m59s   162ms  1.3K 0B/s  3.5K 0B/s  87b2a2d1/25800
tcp://5.252.118.13:65535                      out  8af0a383  200:ea1e:b8f8:fd1c:cc8e:3ead:9c2b:6d5f  up     5m59s   94ms   3.9K 0B/s  3.7K 0B/s  000000c9/27872
tcp://62.210.85.80:39565                      out  00000000  221:c99a:91a1:cd2c:3164:27d7:9675:bf7d  up     5m59s   103ms  4.1K 0B/s  2.5K 0B/s  95440525/390606
tcp://bode.theender.net:42069                 out  f91b909f  200:dc8:dec1:78fa:c0e9:bf19:a988:60fe   up     5m59s   198ms  3.3K 0B/s  2.7K 0B/s  000000c9/387786
tcp://yggdrasil.su:62486                      out  000000c7  218:71e5:78e4:8989:b71:db7f:7bf1:f1e1   up     5m59s   182ms  3.5K 0B/s  2.4K 0B/s  00000000/143367
tls://109.176.250.101:65534                   out  6fb34082  201:4132:fdf6:7db:5e49:5da9:4ec5:af35   up     5m59s   180ms  3.7K 0B/s  2.0K 0B/s  00000000/3314
tls://37.186.113.100:1515                     out  2a038bfc  202:afe3:a019:bf68:83e8:78da:b649:99fc  up     5m59s   88ms   2.3K 0B/s  3.6K 0B/s  c2d3c7db/319496
tls://ygg1.mk16.de:1338?key=0000000087ee9949  out  00000000  220:f022:cd6c:22a9:5285:79e2:2e19:b66a  up     5m59s   84ms   3.1K 0B/s  2.6K 0B/s  00000000/3314
tls://ygg7.mk16.de:1338?key=000000086278b5f3  out  00000008  21c:f3b0:e941:88bc:2938:a694:9012:37f2  up     5m59s   105ms  3.7K 0B/s  1.8K 0B/s  00000000/3314
tls://yggpeer.tilde.green:59454               out  00000002  21e:aabf:6a83:d711:db93:8d3d:6131:ba4   up     5m59s   176ms  3.3K 0B/s  2.9K 0B/s  00000000/8229
tcp://89.44.86.85:65535                       out  -         -                                       down   -       -      0B 0B/s    0B 0B/s    -                :timeout 1m5s ago
tcp://thatmaidguy.fvds.ru:7991                out  -         -                                       down   -       -      0B 0B/s    0B 0B/s    -                :no_suitable_ips 1m35s ago
tcp://ygg6.mk16.de:1337?key=0000005e5ced06fd  out  -         -                                       down   -       -      0B 0B/s    0B 0B/s    -                :enetunreach 1m34s ago
tls://ygg.ace.ctrl-c.liu.se:9999?key=5636b3a  out  -         -                                       down   -       -      0B 0B/s    0B 0B/s    -                :timeout 57s ago
[info] [Mainline DHT] fn: 118, gp_workers: 0, gp_network: 6, samples: 22, TOTAL: 146 /s
[info] [SearchManager] Sources: announce: 0/0 (0.0%), pex: 0/0 (0.0%), values: 0/0 (0.0%)
[info] [SearchManager] fetched: 0, failed: 0, fresh 0
[info] [Guard] MEM: RSS: 229.3 MB, BEAM: 127.8 MB, OS: 3.72 GB (34.6% used)
[info] [PeerManager] ver_cb: 0, unv_cb: 0, peer_info: 0, failed: 0
[info] [IH Collector] prep: 0, sorted: 5511, ann: 4
[info] [Mainline DHT] fn: 127, gp_workers: 0, gp_network: 2, samples: 23, TOTAL: 152 /s
[info] [SearchManager] fetched: 0, failed: 0, fresh 0
[info] [Samples] ihs: 2017 (113.2/s), gp: 6935 (389.3/s), bd: 893 | yld: 0, askd: 11612
[info] [Samples] [PF] freq: 2048 buf: 11794/16384, inbox: 60
[info] [PeerManager] ver_cb: 0, unv_cb: 0, peer_info: 0, failed: 0
[info] [Mainline DHT] fn: 99, gp_workers: 0, gp_network: 21, samples: 25, TOTAL: 145 /s
[info] [Guard] MEM: RSS: 232.9 MB, BEAM: 121.6 MB, OS: 3.72 GB (35.5% used)
[info] [IH Collector] prep: 0, sorted: 5571, ann: 23
[info] [SearchManager] fetched: 0, failed: 0, fresh 0
[info] [PeerManager] ver_cb: 0, unv_cb: 0, peer_info: 0, failed: 0
[info] [Samples] ihs: 2954 (172.2/s), gp: 9833 (573.1/s), bd: 1468 | yld: 0, askd: 12443
[info] [Samples] [PF] freq: 2048 buf: 11884/16384, inbox: 48
[info] [Mainline DHT] fn: 0, gp_workers: 0, gp_network: 5, samples: 29, TOTAL: 34 /s
[info] [SearchManager] fetched: 0, failed: 0, fresh 0
[info] [IH Collector] prep: 0, sorted: 5761, ann: 25
[info] [PeerManager] ver_cb: 0, unv_cb: 0, peer_info: 0, failed: 0
[info] [Mainline DHT] fn: 0, gp_workers: 0, gp_network: 6, samples: 28, TOTAL: 34 /s
[info] GUI Stop
[debug] Native router: link down 00000000 prio 0
<<" [ workers limiter ] UNEXPECTED Termination: :shutdown, state: active=0, pending=0 ">>
[main] GUI exited with code 0. Exiting script.
[cleanup] Shutting down backend...
[notice] SIGTERM received - shutting down

./magnet_sorter.sh: line 92: 10214 Killed                     elixir --name "$NODE" --cookie secret_cookie -S mix run --no-halt  (wd: ~/Code/Aisar_code/ms_v68/backend)
[cleanup] Shutting down backend...
